Copyright 1986-2022 Xilinx, Inc. All Rights Reserved. Copyright 2022-2023 Advanced Micro Devices, Inc. All Rights Reserved.
---------------------------------------------------------------------------------------------------------------------------------------------
| Tool Version : Vivado v.2023.2 (lin64) Build 4029153 Fri Oct 13 20:13:54 MDT 2023
| Date         : Sun Sep 27 20:00:25 2026
| Host         : ececomp1.ecn.purdue.edu running 64-bit Oracle Linux Server release 8.10
| Command      : report_drc -file perspective_divide_drc_opted.rpt -pb perspective_divide_drc_opted.pb -rpx perspective_divide_drc_opted.rpx
| Design       : perspective_divide
| Device       : xc7s50csga324-1
| Speed File   : -1
| Design State : Synthesized
---------------------------------------------------------------------------------------------------------------------------------------------

Report DRC

Table of Contents
-----------------
1. REPORT SUMMARY
2. REPORT DETAILS

1. REPORT SUMMARY
-----------------
            Netlist: netlist
          Floorplan: design_1
      Design limits: <entire design considered>
           Ruledeck: default
             Max violations: <unlimited>
             Violations found: 37
+--------+------------------+----------------------------+------------+
| Rule   | Severity         | Description                | Violations |
+--------+------------------+----------------------------+------------+
| NSTD-1 | Critical Warning | Unspecified I/O Standard   | 1          |
| UCIO-1 | Critical Warning | Unconstrained Logical Port | 1          |
| DPIP-1 | Warning          | Input pipelining           | 35         |
+--------+------------------+----------------------------+------------+

2. REPORT DETAILS
-----------------
NSTD-1#1 Critical Warning
Unspecified I/O Standard  
173 out of 173 logical ports use I/O standard (IOSTANDARD) value 'DEFAULT', instead of a user assigned specific value. This may cause I/O contention or incompatibility with the board power or connectivity affecting performance, signal integrity or in extreme cases cause damage to the device or the components to which it is connected. To correct this violation, specify all I/O standards. This design will fail to generate a bitstream unless all logical ports have a user specified I/O standard value defined. To allow bitstream creation with unspecified I/O standard values (not recommended), use this command: set_property SEVERITY {Warning} [get_drc_checks NSTD-1].  NOTE: When using the Vivado Runs infrastructure (e.g. launch_runs Tcl command), add this command to a .tcl file and add that file as a pre-hook for write_bitstream step for the implementation run. Problem ports: clk, div_zero, in_valid, n_rst, out_valid, w_clip[23:0], x_clip[23:0],
x_ndc[23:0], y_clip[23:0], y_ndc[23:0], z_clip[23:0], z_ndc[23:0].
Related violations: <none>

UCIO-1#1 Critical Warning
Unconstrained Logical Port  
173 out of 173 logical ports have no user assigned specific location constraint (LOC). This may cause I/O contention or incompatibility with the board power or connectivity affecting performance, signal integrity or in extreme cases cause damage to the device or the components to which it is connected. To correct this violation, specify all pin locations. This design will fail to generate a bitstream unless all logical ports have a user specified site LOC constraint defined.  To allow bitstream creation with unspecified pin locations (not recommended), use this command: set_property SEVERITY {Warning} [get_drc_checks UCIO-1].  NOTE: When using the Vivado Runs infrastructure (e.g. launch_runs Tcl command), add this command to a .tcl file and add that file as a pre-hook for write_bitstream step for the implementation run.  Problem ports: clk, div_zero, in_valid, n_rst, out_valid, w_clip[23:0], x_clip[23:0],
x_ndc[23:0], y_clip[23:0], y_ndc[23:0], z_clip[23:0], z_ndc[23:0].
Related violations: <none>

DPIP-1#1 Warning
Input pipelining  
DSP MULTIPLY/x_product0 input MULTIPLY/x_product0/A[29:0] is not pipelined. Pipelining DSP48 input will improve performance.
Related violations: <none>

DPIP-1#2 Warning
Input pipelining  
DSP MULTIPLY/x_product0 input MULTIPLY/x_product0/B[17:0] is not pipelined. Pipelining DSP48 input will improve performance.
Related violations: <none>

DPIP-1#3 Warning
Input pipelining  
DSP MULTIPLY/x_product0__0 input MULTIPLY/x_product0__0/A[29:0] is not pipelined. Pipelining DSP48 input will improve performance.
Related violations: <none>

DPIP-1#4 Warning
Input pipelining  
DSP MULTIPLY/x_product0__0 input MULTIPLY/x_product0__0/B[17:0] is not pipelined. Pipelining DSP48 input will improve performance.
Related violations: <none>

DPIP-1#5 Warning
Input pipelining  
DSP MULTIPLY/x_product0__0 input MULTIPLY/x_product0__0/C[47:0] is not pipelined. Pipelining DSP48 input will improve performance.
Related violations: <none>

DPIP-1#6 Warning
Input pipelining  
DSP MULTIPLY/y_product0 input MULTIPLY/y_product0/A[29:0] is not pipelined. Pipelining DSP48 input will improve performance.
Related violations: <none>

DPIP-1#7 Warning
Input pipelining  
DSP MULTIPLY/y_product0 input MULTIPLY/y_product0/B[17:0] is not pipelined. Pipelining DSP48 input will improve performance.
Related violations: <none>

DPIP-1#8 Warning
Input pipelining  
DSP MULTIPLY/y_product0__0 input MULTIPLY/y_product0__0/A[29:0] is not pipelined. Pipelining DSP48 input will improve performance.
Related violations: <none>

DPIP-1#9 Warning
Input pipelining  
DSP MULTIPLY/y_product0__0 input MULTIPLY/y_product0__0/B[17:0] is not pipelined. Pipelining DSP48 input will improve performance.
Related violations: <none>

DPIP-1#10 Warning
Input pipelining  
DSP MULTIPLY/y_product0__0 input MULTIPLY/y_product0__0/C[47:0] is not pipelined. Pipelining DSP48 input will improve performance.
Related violations: <none>

DPIP-1#11 Warning
Input pipelining  
DSP MULTIPLY/z_product0 input MULTIPLY/z_product0/A[29:0] is not pipelined. Pipelining DSP48 input will improve performance.
Related violations: <none>

DPIP-1#12 Warning
Input pipelining  
DSP MULTIPLY/z_product0 input MULTIPLY/z_product0/B[17:0] is not pipelined. Pipelining DSP48 input will improve performance.
Related violations: <none>

DPIP-1#13 Warning
Input pipelining  
DSP MULTIPLY/z_product0__0 input MULTIPLY/z_product0__0/A[29:0] is not pipelined. Pipelining DSP48 input will improve performance.
Related violations: <none>

DPIP-1#14 Warning
Input pipelining  
DSP MULTIPLY/z_product0__0 input MULTIPLY/z_product0__0/B[17:0] is not pipelined. Pipelining DSP48 input will improve performance.
Related violations: <none>

DPIP-1#15 Warning
Input pipelining  
DSP MULTIPLY/z_product0__0 input MULTIPLY/z_product0__0/C[47:0] is not pipelined. Pipelining DSP48 input will improve performance.
Related violations: <none>

DPIP-1#16 Warning
Input pipelining  
DSP RECIPROCAL/FIRST_ITERATION/FIRST_MULTIPLY/high_product0 input RECIPROCAL/FIRST_ITERATION/FIRST_MULTIPLY/high_product0/A[29:0] is not pipelined. Pipelining DSP48 input will improve performance.
Related violations: <none>

DPIP-1#17 Warning
Input pipelining  
DSP RECIPROCAL/FIRST_ITERATION/FIRST_MULTIPLY/high_product0 input RECIPROCAL/FIRST_ITERATION/FIRST_MULTIPLY/high_product0/B[17:0] is not pipelined. Pipelining DSP48 input will improve performance.
Related violations: <none>

DPIP-1#18 Warning
Input pipelining  
DSP RECIPROCAL/FIRST_ITERATION/FIRST_MULTIPLY/low_product0 input RECIPROCAL/FIRST_ITERATION/FIRST_MULTIPLY/low_product0/A[29:0] is not pipelined. Pipelining DSP48 input will improve performance.
Related violations: <none>

DPIP-1#19 Warning
Input pipelining  
DSP RECIPROCAL/FIRST_ITERATION/FIRST_MULTIPLY/low_product0 input RECIPROCAL/FIRST_ITERATION/FIRST_MULTIPLY/low_product0/B[17:0] is not pipelined. Pipelining DSP48 input will improve performance.
Related violations: <none>

DPIP-1#20 Warning
Input pipelining  
DSP RECIPROCAL/FIRST_ITERATION/FIRST_MULTIPLY/low_product0 input RECIPROCAL/FIRST_ITERATION/FIRST_MULTIPLY/low_product0/C[47:0] is not pipelined. Pipelining DSP48 input will improve performance.
Related violations: <none>

DPIP-1#21 Warning
Input pipelining  
DSP RECIPROCAL/FIRST_ITERATION/SECOND_MULTIPLY/high_product0 input RECIPROCAL/FIRST_ITERATION/SECOND_MULTIPLY/high_product0/A[29:0] is not pipelined. Pipelining DSP48 input will improve performance.
Related violations: <none>

DPIP-1#22 Warning
Input pipelining  
DSP RECIPROCAL/FIRST_ITERATION/SECOND_MULTIPLY/high_product0 input RECIPROCAL/FIRST_ITERATION/SECOND_MULTIPLY/high_product0/B[17:0] is not pipelined. Pipelining DSP48 input will improve performance.
Related violations: <none>

DPIP-1#23 Warning
Input pipelining  
DSP RECIPROCAL/FIRST_ITERATION/SECOND_MULTIPLY/low_product0 input RECIPROCAL/FIRST_ITERATION/SECOND_MULTIPLY/low_product0/A[29:0] is not pipelined. Pipelining DSP48 input will improve performance.
Related violations: <none>

DPIP-1#24 Warning
Input pipelining  
DSP RECIPROCAL/FIRST_ITERATION/SECOND_MULTIPLY/low_product0 input RECIPROCAL/FIRST_ITERATION/SECOND_MULTIPLY/low_product0/B[17:0] is not pipelined. Pipelining DSP48 input will improve performance.
Related violations: <none>

DPIP-1#25 Warning
Input pipelining  
DSP RECIPROCAL/FIRST_ITERATION/SECOND_MULTIPLY/low_product0 input RECIPROCAL/FIRST_ITERATION/SECOND_MULTIPLY/low_product0/C[47:0] is not pipelined. Pipelining DSP48 input will improve performance.
Related violations: <none>

DPIP-1#26 Warning
Input pipelining  
DSP RECIPROCAL/SECOND_ITERATION/FIRST_MULTIPLY/high_product0 input RECIPROCAL/SECOND_ITERATION/FIRST_MULTIPLY/high_product0/A[29:0] is not pipelined. Pipelining DSP48 input will improve performance.
Related violations: <none>

DPIP-1#27 Warning
Input pipelining  
DSP RECIPROCAL/SECOND_ITERATION/FIRST_MULTIPLY/high_product0 input RECIPROCAL/SECOND_ITERATION/FIRST_MULTIPLY/high_product0/B[17:0] is not pipelined. Pipelining DSP48 input will improve performance.
Related violations: <none>

DPIP-1#28 Warning
Input pipelining  
DSP RECIPROCAL/SECOND_ITERATION/FIRST_MULTIPLY/low_product0 input RECIPROCAL/SECOND_ITERATION/FIRST_MULTIPLY/low_product0/A[29:0] is not pipelined. Pipelining DSP48 input will improve performance.
Related violations: <none>

DPIP-1#29 Warning
Input pipelining  
DSP RECIPROCAL/SECOND_ITERATION/FIRST_MULTIPLY/low_product0 input RECIPROCAL/SECOND_ITERATION/FIRST_MULTIPLY/low_product0/B[17:0] is not pipelined. Pipelining DSP48 input will improve performance.
Related violations: <none>

DPIP-1#30 Warning
Input pipelining  
DSP RECIPROCAL/SECOND_ITERATION/FIRST_MULTIPLY/low_product0 input RECIPROCAL/SECOND_ITERATION/FIRST_MULTIPLY/low_product0/C[47:0] is not pipelined. Pipelining DSP48 input will improve performance.
Related violations: <none>

DPIP-1#31 Warning
Input pipelining  
DSP RECIPROCAL/SECOND_ITERATION/SECOND_MULTIPLY/high_product0 input RECIPROCAL/SECOND_ITERATION/SECOND_MULTIPLY/high_product0/A[29:0] is not pipelined. Pipelining DSP48 input will improve performance.
Related violations: <none>

DPIP-1#32 Warning
Input pipelining  
DSP RECIPROCAL/SECOND_ITERATION/SECOND_MULTIPLY/high_product0 input RECIPROCAL/SECOND_ITERATION/SECOND_MULTIPLY/high_product0/B[17:0] is not pipelined. Pipelining DSP48 input will improve performance.
Related violations: <none>

DPIP-1#33 Warning
Input pipelining  
DSP RECIPROCAL/SECOND_ITERATION/SECOND_MULTIPLY/low_product0 input RECIPROCAL/SECOND_ITERATION/SECOND_MULTIPLY/low_product0/A[29:0] is not pipelined. Pipelining DSP48 input will improve performance.
Related violations: <none>

DPIP-1#34 Warning
Input pipelining  
DSP RECIPROCAL/SECOND_ITERATION/SECOND_MULTIPLY/low_product0 input RECIPROCAL/SECOND_ITERATION/SECOND_MULTIPLY/low_product0/B[17:0] is not pipelined. Pipelining DSP48 input will improve performance.
Related violations: <none>

DPIP-1#35 Warning
Input pipelining  
DSP RECIPROCAL/SECOND_ITERATION/SECOND_MULTIPLY/low_product0 input RECIPROCAL/SECOND_ITERATION/SECOND_MULTIPLY/low_product0/C[47:0] is not pipelined. Pipelining DSP48 input will improve performance.
Related violations: <none>


