Copyright 1986-2022 Xilinx, Inc. All Rights Reserved. Copyright 2022-2023 Advanced Micro Devices, Inc. All Rights Reserved.
---------------------------------------------------------------------------------------------------------------------------------------------------------------------------------------------------------------------------------------------------
| Tool Version : Vivado v.2023.2 (lin64) Build 4029153 Fri Oct 13 20:13:54 MDT 2023
| Date         : Sun Sep 27 20:00:42 2026
| Host         : ececomp1.ecn.purdue.edu running 64-bit Oracle Linux Server release 8.10
| Command      : report_timing_summary -max_paths 10 -report_unconstrained -file perspective_divide_timing_summary_routed.rpt -pb perspective_divide_timing_summary_routed.pb -rpx perspective_divide_timing_summary_routed.rpx -warn_on_violation
| Design       : perspective_divide
| Device       : 7s50-csga324
| Speed File   : -1  PRODUCTION 1.23 2018-06-13
| Design State : Routed
---------------------------------------------------------------------------------------------------------------------------------------------------------------------------------------------------------------------------------------------------

Timing Summary Report

------------------------------------------------------------------------------------------------
| Timer Settings
| --------------
------------------------------------------------------------------------------------------------

  Enable Multi Corner Analysis               :  Yes
  Enable Pessimism Removal                   :  Yes
  Pessimism Removal Resolution               :  Nearest Common Node
  Enable Input Delay Default Clock           :  No
  Enable Preset / Clear Arcs                 :  No
  Disable Flight Delays                      :  No
  Ignore I/O Paths                           :  No
  Timing Early Launch at Borrowing Latches   :  No
  Borrow Time for Max Delay Exceptions       :  Yes
  Merge Timing Exceptions                    :  Yes
  Inter-SLR Compensation                     :  Conservative

  Corner  Analyze    Analyze    
  Name    Max Paths  Min Paths  
  ------  ---------  ---------  
  Slow    Yes        Yes        
  Fast    Yes        Yes        


------------------------------------------------------------------------------------------------
| Report Methodology
| ------------------
------------------------------------------------------------------------------------------------

Rule       Severity          Description                  Violations  
---------  ----------------  ---------------------------  ----------  
TIMING-17  Critical Warning  Non-clocked sequential cell  719         
DPIR-1     Warning           Asynchronous driver check    617         

Note: This report is based on the most recent report_methodology run and may not be up-to-date. Run report_methodology on the current design for the latest report.



check_timing report

Table of Contents
-----------------
1. checking no_clock (719)
2. checking constant_clock (0)
3. checking pulse_width_clock (0)
4. checking unconstrained_internal_endpoints (1873)
5. checking no_input_delay (98)
6. checking no_output_delay (74)
7. checking multiple_clock (0)
8. checking generated_clocks (0)
9. checking loops (0)
10. checking partial_input_delay (0)
11. checking partial_output_delay (0)
12. checking latch_loops (0)

1. checking no_clock (719)
--------------------------
 There are 719 register/latch pins with no clock driven by root clock pin: clk (HIGH)


2. checking constant_clock (0)
------------------------------
 There are 0 register/latch pins with constant_clock.


3. checking pulse_width_clock (0)
---------------------------------
 There are 0 register/latch pins which need pulse_width check


4. checking unconstrained_internal_endpoints (1873)
---------------------------------------------------
 There are 1873 pins that are not constrained for maximum delay. (HIGH)

 There are 0 pins that are not constrained for maximum delay due to constant clock.


5. checking no_input_delay (98)
-------------------------------
 There are 98 input ports with no input delay specified. (HIGH)

 There are 0 input ports with no input delay but user has a false path constraint.


6. checking no_output_delay (74)
--------------------------------
 There are 74 ports with no output delay specified. (HIGH)

 There are 0 ports with no output delay but user has a false path constraint

 There are 0 ports with no output delay but with a timing clock defined on it or propagating through it


7. checking multiple_clock (0)
------------------------------
 There are 0 register/latch pins with multiple clocks.


8. checking generated_clocks (0)
--------------------------------
 There are 0 generated clocks that are not connected to a clock source.


9. checking loops (0)
---------------------
 There are 0 combinational loops in the design.


10. checking partial_input_delay (0)
------------------------------------
 There are 0 input ports with partial input delay specified.


11. checking partial_output_delay (0)
-------------------------------------
 There are 0 ports with partial output delay specified.


12. checking latch_loops (0)
----------------------------
 There are 0 combinational latch loops in the design through latch input



------------------------------------------------------------------------------------------------
| Design Timing Summary
| ---------------------
------------------------------------------------------------------------------------------------

    WNS(ns)      TNS(ns)  TNS Failing Endpoints  TNS Total Endpoints      WHS(ns)      THS(ns)  THS Failing Endpoints  THS Total Endpoints     WPWS(ns)     TPWS(ns)  TPWS Failing Endpoints  TPWS Total Endpoints  
    -------      -------  ---------------------  -------------------      -------      -------  ---------------------  -------------------     --------     --------  ----------------------  --------------------  
        inf        0.000                      0                 1947          inf        0.000                      0                 1947           NA           NA                      NA                    NA  


There are no user specified timing constraints.


------------------------------------------------------------------------------------------------
| Clock Summary
| -------------
------------------------------------------------------------------------------------------------


------------------------------------------------------------------------------------------------
| Intra Clock Table
| -----------------
------------------------------------------------------------------------------------------------

Clock             WNS(ns)      TNS(ns)  TNS Failing Endpoints  TNS Total Endpoints      WHS(ns)      THS(ns)  THS Failing Endpoints  THS Total Endpoints     WPWS(ns)     TPWS(ns)  TPWS Failing Endpoints  TPWS Total Endpoints  
-----             -------      -------  ---------------------  -------------------      -------      -------  ---------------------  -------------------     --------     --------  ----------------------  --------------------  


------------------------------------------------------------------------------------------------
| Inter Clock Table
| -----------------
------------------------------------------------------------------------------------------------

From Clock    To Clock          WNS(ns)      TNS(ns)  TNS Failing Endpoints  TNS Total Endpoints      WHS(ns)      THS(ns)  THS Failing Endpoints  THS Total Endpoints  
----------    --------          -------      -------  ---------------------  -------------------      -------      -------  ---------------------  -------------------  


------------------------------------------------------------------------------------------------
| Other Path Groups Table
| -----------------------
------------------------------------------------------------------------------------------------

Path Group    From Clock    To Clock          WNS(ns)      TNS(ns)  TNS Failing Endpoints  TNS Total Endpoints      WHS(ns)      THS(ns)  THS Failing Endpoints  THS Total Endpoints  
----------    ----------    --------          -------      -------  ---------------------  -------------------      -------      -------  ---------------------  -------------------  


------------------------------------------------------------------------------------------------
| User Ignored Path Table
| -----------------------
------------------------------------------------------------------------------------------------

Path Group    From Clock    To Clock    
----------    ----------    --------    


------------------------------------------------------------------------------------------------
| Unconstrained Path Table
| ------------------------
------------------------------------------------------------------------------------------------

Path Group    From Clock    To Clock    
----------    ----------    --------    
(none)                                    


------------------------------------------------------------------------------------------------
| Timing Details
| --------------
------------------------------------------------------------------------------------------------


--------------------------------------------------------------------------------------
Path Group:  (none)
From Clock:  
  To Clock:  

Max Delay          1947 Endpoints
Min Delay          1947 Endpoints
--------------------------------------------------------------------------------------


Max Delay Paths
--------------------------------------------------------------------------------------
Slack:                    inf
  Source:                 w_clip[0]
                            (input port)
  Destination:            RECIPROCAL/normalized_reg[17]/D
  Path Group:             (none)
  Path Type:              Max at Slow Process Corner
  Data Path Delay:        12.749ns  (logic 3.252ns (25.507%)  route 9.497ns (74.493%))
  Logic Levels:           14  (CARRY4=6 IBUF=1 LUT1=1 LUT3=1 LUT5=2 LUT6=3)

    Location             Delay type                Incr(ns)  Path(ns)    Netlist Resource(s)
  -------------------------------------------------------------------    -------------------
    U11                                               0.000     0.000 f  w_clip[0] (IN)
                         net (fo=0)                   0.000     0.000    w_clip[0]
    U11                  IBUF (Prop_ibuf_I_O)         0.931     0.931 f  w_clip_IBUF[0]_inst/O
                         net (fo=12, routed)          2.129     3.060    RECIPROCAL/SECOND_ITERATION/w_clip_IBUF[0]
    SLICE_X4Y14          LUT1 (Prop_lut1_I0_O)        0.124     3.184 r  RECIPROCAL/SECOND_ITERATION/normalized[5]_i_4/O
                         net (fo=1, routed)           0.338     3.522    RECIPROCAL/SECOND_ITERATION/normalized[5]_i_4_n_0
    SLICE_X2Y14          CARRY4 (Prop_carry4_CYINIT_CO[3])
                                                      0.595     4.117 r  RECIPROCAL/SECOND_ITERATION/normalized_reg[5]_i_3/CO[3]
                         net (fo=1, routed)           0.000     4.117    RECIPROCAL/SECOND_ITERATION/normalized_reg[5]_i_3_n_0
    SLICE_X2Y15          CARRY4 (Prop_carry4_CI_CO[3])
                                                      0.117     4.234 r  RECIPROCAL/SECOND_ITERATION/normalized_reg[23]_i_35/CO[3]
                         net (fo=1, routed)           0.000     4.234    RECIPROCAL/SECOND_ITERATION/normalized_reg[23]_i_35_n_0
    SLICE_X2Y16          CARRY4 (Prop_carry4_CI_CO[3])
                                                      0.117     4.351 r  RECIPROCAL/SECOND_ITERATION/normalized_reg[23]_i_36/CO[3]
                         net (fo=1, routed)           0.000     4.351    RECIPROCAL/SECOND_ITERATION/normalized_reg[23]_i_36_n_0
    SLICE_X2Y17          CARRY4 (Prop_carry4_CI_CO[3])
                                                      0.117     4.468 r  RECIPROCAL/SECOND_ITERATION/normalized_reg[23]_i_33/CO[3]
                         net (fo=1, routed)           0.000     4.468    RECIPROCAL/SECOND_ITERATION/normalized_reg[23]_i_33_n_0
    SLICE_X2Y18          CARRY4 (Prop_carry4_CI_CO[3])
                                                      0.117     4.585 r  RECIPROCAL/SECOND_ITERATION/normalized_reg[23]_i_34/CO[3]
                         net (fo=1, routed)           0.000     4.585    RECIPROCAL/SECOND_ITERATION/normalized_reg[23]_i_34_n_0
    SLICE_X2Y19          CARRY4 (Prop_carry4_CI_O[0])
                                                      0.219     4.804 f  RECIPROCAL/SECOND_ITERATION/shift_delay_reg[1][1]_srl8_RECIPROCAL_SECOND_ITERATION_valid_delay_reg_c_3_i_15/O[0]
                         net (fo=1, routed)           0.661     5.465    RECIPROCAL/SECOND_ITERATION/shift_delay_reg[1][1]_srl8_RECIPROCAL_SECOND_ITERATION_valid_delay_reg_c_3_i_15_n_7
    SLICE_X3Y19          LUT3 (Prop_lut3_I0_O)        0.295     5.760 f  RECIPROCAL/SECOND_ITERATION/normalized[23]_i_12/O
                         net (fo=7, routed)           0.827     6.587    RECIPROCAL/SECOND_ITERATION/p_20_in
    SLICE_X3Y20          LUT6 (Prop_lut6_I5_O)        0.124     6.711 f  RECIPROCAL/SECOND_ITERATION/shift_delay_reg[1][1]_srl8_RECIPROCAL_SECOND_ITERATION_valid_delay_reg_c_3_i_14/O
                         net (fo=3, routed)           0.828     7.539    RECIPROCAL/SECOND_ITERATION/shift_delay_reg[1][1]_srl8_RECIPROCAL_SECOND_ITERATION_valid_delay_reg_c_3_i_14_n_0
    SLICE_X3Y19          LUT5 (Prop_lut5_I0_O)        0.124     7.663 f  RECIPROCAL/SECOND_ITERATION/shift_delay_reg[1][1]_srl8_RECIPROCAL_SECOND_ITERATION_valid_delay_reg_c_3_i_4/O
                         net (fo=28, routed)          1.967     9.630    RECIPROCAL/SECOND_ITERATION/w_clip[23]_1
    SLICE_X3Y16          LUT6 (Prop_lut6_I1_O)        0.124     9.754 r  RECIPROCAL/SECOND_ITERATION/normalized[19]_i_4/O
                         net (fo=41, routed)          1.711    11.466    RECIPROCAL/SECOND_ITERATION_n_4
    SLICE_X6Y17          LUT6 (Prop_lut6_I2_O)        0.124    11.590 r  RECIPROCAL/normalized[17]_i_3/O
                         net (fo=1, routed)           1.035    12.625    RECIPROCAL/normalized[17]_i_3_n_0
    SLICE_X8Y18          LUT5 (Prop_lut5_I2_O)        0.124    12.749 r  RECIPROCAL/normalized[17]_i_1/O
                         net (fo=1, routed)           0.000    12.749    RECIPROCAL/normalized[17]_i_1_n_0
    SLICE_X8Y18          FDCE                                         r  RECIPROCAL/normalized_reg[17]/D
  -------------------------------------------------------------------    -------------------

Slack:                    inf
  Source:                 w_clip[0]
                            (input port)
  Destination:            RECIPROCAL/normalized_reg[22]/D
  Path Group:             (none)
  Path Type:              Max at Slow Process Corner
  Data Path Delay:        12.735ns  (logic 3.252ns (25.535%)  route 9.483ns (74.465%))
  Logic Levels:           14  (CARRY4=6 IBUF=1 LUT1=1 LUT3=1 LUT5=2 LUT6=3)

    Location             Delay type                Incr(ns)  Path(ns)    Netlist Resource(s)
  -------------------------------------------------------------------    -------------------
    U11                                               0.000     0.000 f  w_clip[0] (IN)
                         net (fo=0)                   0.000     0.000    w_clip[0]
    U11                  IBUF (Prop_ibuf_I_O)         0.931     0.931 f  w_clip_IBUF[0]_inst/O
                         net (fo=12, routed)          2.129     3.060    RECIPROCAL/SECOND_ITERATION/w_clip_IBUF[0]
    SLICE_X4Y14          LUT1 (Prop_lut1_I0_O)        0.124     3.184 r  RECIPROCAL/SECOND_ITERATION/normalized[5]_i_4/O
                         net (fo=1, routed)           0.338     3.522    RECIPROCAL/SECOND_ITERATION/normalized[5]_i_4_n_0
    SLICE_X2Y14          CARRY4 (Prop_carry4_CYINIT_CO[3])
                                                      0.595     4.117 r  RECIPROCAL/SECOND_ITERATION/normalized_reg[5]_i_3/CO[3]
                         net (fo=1, routed)           0.000     4.117    RECIPROCAL/SECOND_ITERATION/normalized_reg[5]_i_3_n_0
    SLICE_X2Y15          CARRY4 (Prop_carry4_CI_CO[3])
                                                      0.117     4.234 r  RECIPROCAL/SECOND_ITERATION/normalized_reg[23]_i_35/CO[3]
                         net (fo=1, routed)           0.000     4.234    RECIPROCAL/SECOND_ITERATION/normalized_reg[23]_i_35_n_0
    SLICE_X2Y16          CARRY4 (Prop_carry4_CI_CO[3])
                                                      0.117     4.351 r  RECIPROCAL/SECOND_ITERATION/normalized_reg[23]_i_36/CO[3]
                         net (fo=1, routed)           0.000     4.351    RECIPROCAL/SECOND_ITERATION/normalized_reg[23]_i_36_n_0
    SLICE_X2Y17          CARRY4 (Prop_carry4_CI_CO[3])
                                                      0.117     4.468 r  RECIPROCAL/SECOND_ITERATION/normalized_reg[23]_i_33/CO[3]
                         net (fo=1, routed)           0.000     4.468    RECIPROCAL/SECOND_ITERATION/normalized_reg[23]_i_33_n_0
    SLICE_X2Y18          CARRY4 (Prop_carry4_CI_CO[3])
                                                      0.117     4.585 r  RECIPROCAL/SECOND_ITERATION/normalized_reg[23]_i_34/CO[3]
                         net (fo=1, routed)           0.000     4.585    RECIPROCAL/SECOND_ITERATION/normalized_reg[23]_i_34_n_0
    SLICE_X2Y19          CARRY4 (Prop_carry4_CI_O[0])
                                                      0.219     4.804 f  RECIPROCAL/SECOND_ITERATION/shift_delay_reg[1][1]_srl8_RECIPROCAL_SECOND_ITERATION_valid_delay_reg_c_3_i_15/O[0]
                         net (fo=1, routed)           0.661     5.465    RECIPROCAL/SECOND_ITERATION/shift_delay_reg[1][1]_srl8_RECIPROCAL_SECOND_ITERATION_valid_delay_reg_c_3_i_15_n_7
    SLICE_X3Y19          LUT3 (Prop_lut3_I0_O)        0.295     5.760 f  RECIPROCAL/SECOND_ITERATION/normalized[23]_i_12/O
                         net (fo=7, routed)           0.827     6.587    RECIPROCAL/SECOND_ITERATION/p_20_in
    SLICE_X3Y20          LUT6 (Prop_lut6_I5_O)        0.124     6.711 f  RECIPROCAL/SECOND_ITERATION/shift_delay_reg[1][1]_srl8_RECIPROCAL_SECOND_ITERATION_valid_delay_reg_c_3_i_14/O
                         net (fo=3, routed)           0.828     7.539    RECIPROCAL/SECOND_ITERATION/shift_delay_reg[1][1]_srl8_RECIPROCAL_SECOND_ITERATION_valid_delay_reg_c_3_i_14_n_0
    SLICE_X3Y19          LUT5 (Prop_lut5_I0_O)        0.124     7.663 f  RECIPROCAL/SECOND_ITERATION/shift_delay_reg[1][1]_srl8_RECIPROCAL_SECOND_ITERATION_valid_delay_reg_c_3_i_4/O
                         net (fo=28, routed)          1.967     9.630    RECIPROCAL/SECOND_ITERATION/w_clip[23]_1
    SLICE_X3Y16          LUT6 (Prop_lut6_I1_O)        0.124     9.754 r  RECIPROCAL/SECOND_ITERATION/normalized[19]_i_4/O
                         net (fo=41, routed)          1.698    11.453    RECIPROCAL/SECOND_ITERATION_n_4
    SLICE_X7Y17          LUT6 (Prop_lut6_I2_O)        0.124    11.577 r  RECIPROCAL/normalized[22]_i_2/O
                         net (fo=1, routed)           1.034    12.611    RECIPROCAL/normalized[22]_i_2_n_0
    SLICE_X9Y15          LUT5 (Prop_lut5_I0_O)        0.124    12.735 r  RECIPROCAL/normalized[22]_i_1/O
                         net (fo=1, routed)           0.000    12.735    RECIPROCAL/normalized[22]_i_1_n_0
    SLICE_X9Y15          FDCE                                         r  RECIPROCAL/normalized_reg[22]/D
  -------------------------------------------------------------------    -------------------

Slack:                    inf
  Source:                 w_clip[0]
                            (input port)
  Destination:            RECIPROCAL/normalized_reg[14]/D
  Path Group:             (none)
  Path Type:              Max at Slow Process Corner
  Data Path Delay:        12.447ns  (logic 3.252ns (26.126%)  route 9.195ns (73.874%))
  Logic Levels:           14  (CARRY4=6 IBUF=1 LUT1=1 LUT3=1 LUT5=2 LUT6=3)

    Location             Delay type                Incr(ns)  Path(ns)    Netlist Resource(s)
  -------------------------------------------------------------------    -------------------
    U11                                               0.000     0.000 f  w_clip[0] (IN)
                         net (fo=0)                   0.000     0.000    w_clip[0]
    U11                  IBUF (Prop_ibuf_I_O)         0.931     0.931 f  w_clip_IBUF[0]_inst/O
                         net (fo=12, routed)          2.129     3.060    RECIPROCAL/SECOND_ITERATION/w_clip_IBUF[0]
    SLICE_X4Y14          LUT1 (Prop_lut1_I0_O)        0.124     3.184 r  RECIPROCAL/SECOND_ITERATION/normalized[5]_i_4/O
                         net (fo=1, routed)           0.338     3.522    RECIPROCAL/SECOND_ITERATION/normalized[5]_i_4_n_0
    SLICE_X2Y14          CARRY4 (Prop_carry4_CYINIT_CO[3])
                                                      0.595     4.117 r  RECIPROCAL/SECOND_ITERATION/normalized_reg[5]_i_3/CO[3]
                         net (fo=1, routed)           0.000     4.117    RECIPROCAL/SECOND_ITERATION/normalized_reg[5]_i_3_n_0
    SLICE_X2Y15          CARRY4 (Prop_carry4_CI_CO[3])
                                                      0.117     4.234 r  RECIPROCAL/SECOND_ITERATION/normalized_reg[23]_i_35/CO[3]
                         net (fo=1, routed)           0.000     4.234    RECIPROCAL/SECOND_ITERATION/normalized_reg[23]_i_35_n_0
    SLICE_X2Y16          CARRY4 (Prop_carry4_CI_CO[3])
                                                      0.117     4.351 r  RECIPROCAL/SECOND_ITERATION/normalized_reg[23]_i_36/CO[3]
                         net (fo=1, routed)           0.000     4.351    RECIPROCAL/SECOND_ITERATION/normalized_reg[23]_i_36_n_0
    SLICE_X2Y17          CARRY4 (Prop_carry4_CI_CO[3])
                                                      0.117     4.468 r  RECIPROCAL/SECOND_ITERATION/normalized_reg[23]_i_33/CO[3]
                         net (fo=1, routed)           0.000     4.468    RECIPROCAL/SECOND_ITERATION/normalized_reg[23]_i_33_n_0
    SLICE_X2Y18          CARRY4 (Prop_carry4_CI_CO[3])
                                                      0.117     4.585 r  RECIPROCAL/SECOND_ITERATION/normalized_reg[23]_i_34/CO[3]
                         net (fo=1, routed)           0.000     4.585    RECIPROCAL/SECOND_ITERATION/normalized_reg[23]_i_34_n_0
    SLICE_X2Y19          CARRY4 (Prop_carry4_CI_O[0])
                                                      0.219     4.804 f  RECIPROCAL/SECOND_ITERATION/shift_delay_reg[1][1]_srl8_RECIPROCAL_SECOND_ITERATION_valid_delay_reg_c_3_i_15/O[0]
                         net (fo=1, routed)           0.661     5.465    RECIPROCAL/SECOND_ITERATION/shift_delay_reg[1][1]_srl8_RECIPROCAL_SECOND_ITERATION_valid_delay_reg_c_3_i_15_n_7
    SLICE_X3Y19          LUT3 (Prop_lut3_I0_O)        0.295     5.760 f  RECIPROCAL/SECOND_ITERATION/normalized[23]_i_12/O
                         net (fo=7, routed)           0.827     6.587    RECIPROCAL/SECOND_ITERATION/p_20_in
    SLICE_X3Y20          LUT6 (Prop_lut6_I5_O)        0.124     6.711 f  RECIPROCAL/SECOND_ITERATION/shift_delay_reg[1][1]_srl8_RECIPROCAL_SECOND_ITERATION_valid_delay_reg_c_3_i_14/O
                         net (fo=3, routed)           0.828     7.539    RECIPROCAL/SECOND_ITERATION/shift_delay_reg[1][1]_srl8_RECIPROCAL_SECOND_ITERATION_valid_delay_reg_c_3_i_14_n_0
    SLICE_X3Y19          LUT5 (Prop_lut5_I0_O)        0.124     7.663 f  RECIPROCAL/SECOND_ITERATION/shift_delay_reg[1][1]_srl8_RECIPROCAL_SECOND_ITERATION_valid_delay_reg_c_3_i_4/O
                         net (fo=28, routed)          1.081     8.745    RECIPROCAL/SECOND_ITERATION/w_clip[23]_1
    SLICE_X3Y17          LUT5 (Prop_lut5_I2_O)        0.124     8.869 r  RECIPROCAL/SECOND_ITERATION/shift_delay_reg[1][1]_srl8_RECIPROCAL_SECOND_ITERATION_valid_delay_reg_c_3_i_1/O
                         net (fo=44, routed)          2.207    11.076    RECIPROCAL/SECOND_ITERATION_n_1
    SLICE_X7Y15          LUT6 (Prop_lut6_I4_O)        0.124    11.200 r  RECIPROCAL/normalized[22]_i_4/O
                         net (fo=2, routed)           1.123    12.323    RECIPROCAL/normalized[22]_i_4_n_0
    SLICE_X8Y14          LUT6 (Prop_lut6_I5_O)        0.124    12.447 r  RECIPROCAL/normalized[14]_i_1/O
                         net (fo=1, routed)           0.000    12.447    RECIPROCAL/normalized[14]_i_1_n_0
    SLICE_X8Y14          FDCE                                         r  RECIPROCAL/normalized_reg[14]/D
  -------------------------------------------------------------------    -------------------

Slack:                    inf
  Source:                 w_clip[0]
                            (input port)
  Destination:            RECIPROCAL/normalized_reg[8]/D
  Path Group:             (none)
  Path Type:              Max at Slow Process Corner
  Data Path Delay:        12.364ns  (logic 3.482ns (28.161%)  route 8.882ns (71.839%))
  Logic Levels:           14  (CARRY4=6 IBUF=1 LUT1=1 LUT3=1 LUT4=1 LUT5=1 LUT6=3)

    Location             Delay type                Incr(ns)  Path(ns)    Netlist Resource(s)
  -------------------------------------------------------------------    -------------------
    U11                                               0.000     0.000 f  w_clip[0] (IN)
                         net (fo=0)                   0.000     0.000    w_clip[0]
    U11                  IBUF (Prop_ibuf_I_O)         0.931     0.931 f  w_clip_IBUF[0]_inst/O
                         net (fo=12, routed)          2.129     3.060    RECIPROCAL/SECOND_ITERATION/w_clip_IBUF[0]
    SLICE_X4Y14          LUT1 (Prop_lut1_I0_O)        0.124     3.184 r  RECIPROCAL/SECOND_ITERATION/normalized[5]_i_4/O
                         net (fo=1, routed)           0.338     3.522    RECIPROCAL/SECOND_ITERATION/normalized[5]_i_4_n_0
    SLICE_X2Y14          CARRY4 (Prop_carry4_CYINIT_CO[3])
                                                      0.595     4.117 r  RECIPROCAL/SECOND_ITERATION/normalized_reg[5]_i_3/CO[3]
                         net (fo=1, routed)           0.000     4.117    RECIPROCAL/SECOND_ITERATION/normalized_reg[5]_i_3_n_0
    SLICE_X2Y15          CARRY4 (Prop_carry4_CI_CO[3])
                                                      0.117     4.234 r  RECIPROCAL/SECOND_ITERATION/normalized_reg[23]_i_35/CO[3]
                         net (fo=1, routed)           0.000     4.234    RECIPROCAL/SECOND_ITERATION/normalized_reg[23]_i_35_n_0
    SLICE_X2Y16          CARRY4 (Prop_carry4_CI_CO[3])
                                                      0.117     4.351 r  RECIPROCAL/SECOND_ITERATION/normalized_reg[23]_i_36/CO[3]
                         net (fo=1, routed)           0.000     4.351    RECIPROCAL/SECOND_ITERATION/normalized_reg[23]_i_36_n_0
    SLICE_X2Y17          CARRY4 (Prop_carry4_CI_CO[3])
                                                      0.117     4.468 r  RECIPROCAL/SECOND_ITERATION/normalized_reg[23]_i_33/CO[3]
                         net (fo=1, routed)           0.000     4.468    RECIPROCAL/SECOND_ITERATION/normalized_reg[23]_i_33_n_0
    SLICE_X2Y18          CARRY4 (Prop_carry4_CI_CO[3])
                                                      0.117     4.585 r  RECIPROCAL/SECOND_ITERATION/normalized_reg[23]_i_34/CO[3]
                         net (fo=1, routed)           0.000     4.585    RECIPROCAL/SECOND_ITERATION/normalized_reg[23]_i_34_n_0
    SLICE_X2Y19          CARRY4 (Prop_carry4_CI_O[0])
                                                      0.219     4.804 f  RECIPROCAL/SECOND_ITERATION/shift_delay_reg[1][1]_srl8_RECIPROCAL_SECOND_ITERATION_valid_delay_reg_c_3_i_15/O[0]
                         net (fo=1, routed)           0.661     5.465    RECIPROCAL/SECOND_ITERATION/shift_delay_reg[1][1]_srl8_RECIPROCAL_SECOND_ITERATION_valid_delay_reg_c_3_i_15_n_7
    SLICE_X3Y19          LUT3 (Prop_lut3_I0_O)        0.295     5.760 f  RECIPROCAL/SECOND_ITERATION/normalized[23]_i_12/O
                         net (fo=7, routed)           0.827     6.587    RECIPROCAL/SECOND_ITERATION/p_20_in
    SLICE_X3Y20          LUT6 (Prop_lut6_I5_O)        0.124     6.711 f  RECIPROCAL/SECOND_ITERATION/shift_delay_reg[1][1]_srl8_RECIPROCAL_SECOND_ITERATION_valid_delay_reg_c_3_i_14/O
                         net (fo=3, routed)           0.828     7.539    RECIPROCAL/SECOND_ITERATION/shift_delay_reg[1][1]_srl8_RECIPROCAL_SECOND_ITERATION_valid_delay_reg_c_3_i_14_n_0
    SLICE_X3Y19          LUT5 (Prop_lut5_I0_O)        0.124     7.663 f  RECIPROCAL/SECOND_ITERATION/shift_delay_reg[1][1]_srl8_RECIPROCAL_SECOND_ITERATION_valid_delay_reg_c_3_i_4/O
                         net (fo=28, routed)          1.967     9.630    RECIPROCAL/SECOND_ITERATION/w_clip[23]_1
    SLICE_X3Y16          LUT6 (Prop_lut6_I1_O)        0.124     9.754 r  RECIPROCAL/SECOND_ITERATION/normalized[19]_i_4/O
                         net (fo=41, routed)          1.664    11.418    RECIPROCAL/SECOND_ITERATION_n_4
    SLICE_X8Y15          LUT4 (Prop_lut4_I0_O)        0.150    11.568 r  RECIPROCAL/normalized[16]_i_4/O
                         net (fo=3, routed)           0.468    12.036    RECIPROCAL/normalized[16]_i_4_n_0
    SLICE_X8Y15          LUT6 (Prop_lut6_I5_O)        0.328    12.364 r  RECIPROCAL/normalized[8]_i_1/O
                         net (fo=1, routed)           0.000    12.364    RECIPROCAL/normalized[8]_i_1_n_0
    SLICE_X8Y15          FDCE                                         r  RECIPROCAL/normalized_reg[8]/D
  -------------------------------------------------------------------    -------------------

Slack:                    inf
  Source:                 w_clip[0]
                            (input port)
  Destination:            RECIPROCAL/normalized_reg[20]/D
  Path Group:             (none)
  Path Type:              Max at Slow Process Corner
  Data Path Delay:        12.319ns  (logic 3.252ns (26.397%)  route 9.067ns (73.603%))
  Logic Levels:           14  (CARRY4=6 IBUF=1 LUT1=1 LUT3=1 LUT5=2 LUT6=3)

    Location             Delay type                Incr(ns)  Path(ns)    Netlist Resource(s)
  -------------------------------------------------------------------    -------------------
    U11                                               0.000     0.000 f  w_clip[0] (IN)
                         net (fo=0)                   0.000     0.000    w_clip[0]
    U11                  IBUF (Prop_ibuf_I_O)         0.931     0.931 f  w_clip_IBUF[0]_inst/O
                         net (fo=12, routed)          2.129     3.060    RECIPROCAL/SECOND_ITERATION/w_clip_IBUF[0]
    SLICE_X4Y14          LUT1 (Prop_lut1_I0_O)        0.124     3.184 r  RECIPROCAL/SECOND_ITERATION/normalized[5]_i_4/O
                         net (fo=1, routed)           0.338     3.522    RECIPROCAL/SECOND_ITERATION/normalized[5]_i_4_n_0
    SLICE_X2Y14          CARRY4 (Prop_carry4_CYINIT_CO[3])
                                                      0.595     4.117 r  RECIPROCAL/SECOND_ITERATION/normalized_reg[5]_i_3/CO[3]
                         net (fo=1, routed)           0.000     4.117    RECIPROCAL/SECOND_ITERATION/normalized_reg[5]_i_3_n_0
    SLICE_X2Y15          CARRY4 (Prop_carry4_CI_CO[3])
                                                      0.117     4.234 r  RECIPROCAL/SECOND_ITERATION/normalized_reg[23]_i_35/CO[3]
                         net (fo=1, routed)           0.000     4.234    RECIPROCAL/SECOND_ITERATION/normalized_reg[23]_i_35_n_0
    SLICE_X2Y16          CARRY4 (Prop_carry4_CI_CO[3])
                                                      0.117     4.351 r  RECIPROCAL/SECOND_ITERATION/normalized_reg[23]_i_36/CO[3]
                         net (fo=1, routed)           0.000     4.351    RECIPROCAL/SECOND_ITERATION/normalized_reg[23]_i_36_n_0
    SLICE_X2Y17          CARRY4 (Prop_carry4_CI_CO[3])
                                                      0.117     4.468 r  RECIPROCAL/SECOND_ITERATION/normalized_reg[23]_i_33/CO[3]
                         net (fo=1, routed)           0.000     4.468    RECIPROCAL/SECOND_ITERATION/normalized_reg[23]_i_33_n_0
    SLICE_X2Y18          CARRY4 (Prop_carry4_CI_CO[3])
                                                      0.117     4.585 r  RECIPROCAL/SECOND_ITERATION/normalized_reg[23]_i_34/CO[3]
                         net (fo=1, routed)           0.000     4.585    RECIPROCAL/SECOND_ITERATION/normalized_reg[23]_i_34_n_0
    SLICE_X2Y19          CARRY4 (Prop_carry4_CI_O[0])
                                                      0.219     4.804 f  RECIPROCAL/SECOND_ITERATION/shift_delay_reg[1][1]_srl8_RECIPROCAL_SECOND_ITERATION_valid_delay_reg_c_3_i_15/O[0]
                         net (fo=1, routed)           0.661     5.465    RECIPROCAL/SECOND_ITERATION/shift_delay_reg[1][1]_srl8_RECIPROCAL_SECOND_ITERATION_valid_delay_reg_c_3_i_15_n_7
    SLICE_X3Y19          LUT3 (Prop_lut3_I0_O)        0.295     5.760 f  RECIPROCAL/SECOND_ITERATION/normalized[23]_i_12/O
                         net (fo=7, routed)           0.827     6.587    RECIPROCAL/SECOND_ITERATION/p_20_in
    SLICE_X3Y20          LUT6 (Prop_lut6_I5_O)        0.124     6.711 f  RECIPROCAL/SECOND_ITERATION/shift_delay_reg[1][1]_srl8_RECIPROCAL_SECOND_ITERATION_valid_delay_reg_c_3_i_14/O
                         net (fo=3, routed)           0.828     7.539    RECIPROCAL/SECOND_ITERATION/shift_delay_reg[1][1]_srl8_RECIPROCAL_SECOND_ITERATION_valid_delay_reg_c_3_i_14_n_0
    SLICE_X3Y19          LUT5 (Prop_lut5_I0_O)        0.124     7.663 f  RECIPROCAL/SECOND_ITERATION/shift_delay_reg[1][1]_srl8_RECIPROCAL_SECOND_ITERATION_valid_delay_reg_c_3_i_4/O
                         net (fo=28, routed)          1.967     9.630    RECIPROCAL/SECOND_ITERATION/w_clip[23]_1
    SLICE_X3Y16          LUT6 (Prop_lut6_I1_O)        0.124     9.754 r  RECIPROCAL/SECOND_ITERATION/normalized[19]_i_4/O
                         net (fo=41, routed)          1.499    11.254    RECIPROCAL/SECOND_ITERATION_n_4
    SLICE_X7Y17          LUT6 (Prop_lut6_I2_O)        0.124    11.378 r  RECIPROCAL/normalized[20]_i_2/O
                         net (fo=1, routed)           0.817    12.195    RECIPROCAL/normalized[20]_i_2_n_0
    SLICE_X7Y16          LUT5 (Prop_lut5_I0_O)        0.124    12.319 r  RECIPROCAL/normalized[20]_i_1/O
                         net (fo=1, routed)           0.000    12.319    RECIPROCAL/normalized[20]_i_1_n_0
    SLICE_X7Y16          FDCE                                         r  RECIPROCAL/normalized_reg[20]/D
  -------------------------------------------------------------------    -------------------

Slack:                    inf
  Source:                 w_clip[0]
                            (input port)
  Destination:            RECIPROCAL/normalized_reg[0]/D
  Path Group:             (none)
  Path Type:              Max at Slow Process Corner
  Data Path Delay:        12.315ns  (logic 3.482ns (28.273%)  route 8.833ns (71.727%))
  Logic Levels:           14  (CARRY4=6 IBUF=1 LUT1=1 LUT2=1 LUT3=1 LUT4=1 LUT5=1 LUT6=2)

    Location             Delay type                Incr(ns)  Path(ns)    Netlist Resource(s)
  -------------------------------------------------------------------    -------------------
    U11                                               0.000     0.000 f  w_clip[0] (IN)
                         net (fo=0)                   0.000     0.000    w_clip[0]
    U11                  IBUF (Prop_ibuf_I_O)         0.931     0.931 f  w_clip_IBUF[0]_inst/O
                         net (fo=12, routed)          2.129     3.060    RECIPROCAL/SECOND_ITERATION/w_clip_IBUF[0]
    SLICE_X4Y14          LUT1 (Prop_lut1_I0_O)        0.124     3.184 r  RECIPROCAL/SECOND_ITERATION/normalized[5]_i_4/O
                         net (fo=1, routed)           0.338     3.522    RECIPROCAL/SECOND_ITERATION/normalized[5]_i_4_n_0
    SLICE_X2Y14          CARRY4 (Prop_carry4_CYINIT_CO[3])
                                                      0.595     4.117 r  RECIPROCAL/SECOND_ITERATION/normalized_reg[5]_i_3/CO[3]
                         net (fo=1, routed)           0.000     4.117    RECIPROCAL/SECOND_ITERATION/normalized_reg[5]_i_3_n_0
    SLICE_X2Y15          CARRY4 (Prop_carry4_CI_CO[3])
                                                      0.117     4.234 r  RECIPROCAL/SECOND_ITERATION/normalized_reg[23]_i_35/CO[3]
                         net (fo=1, routed)           0.000     4.234    RECIPROCAL/SECOND_ITERATION/normalized_reg[23]_i_35_n_0
    SLICE_X2Y16          CARRY4 (Prop_carry4_CI_CO[3])
                                                      0.117     4.351 r  RECIPROCAL/SECOND_ITERATION/normalized_reg[23]_i_36/CO[3]
                         net (fo=1, routed)           0.000     4.351    RECIPROCAL/SECOND_ITERATION/normalized_reg[23]_i_36_n_0
    SLICE_X2Y17          CARRY4 (Prop_carry4_CI_CO[3])
                                                      0.117     4.468 r  RECIPROCAL/SECOND_ITERATION/normalized_reg[23]_i_33/CO[3]
                         net (fo=1, routed)           0.000     4.468    RECIPROCAL/SECOND_ITERATION/normalized_reg[23]_i_33_n_0
    SLICE_X2Y18          CARRY4 (Prop_carry4_CI_CO[3])
                                                      0.117     4.585 r  RECIPROCAL/SECOND_ITERATION/normalized_reg[23]_i_34/CO[3]
                         net (fo=1, routed)           0.000     4.585    RECIPROCAL/SECOND_ITERATION/normalized_reg[23]_i_34_n_0
    SLICE_X2Y19          CARRY4 (Prop_carry4_CI_O[0])
                                                      0.219     4.804 f  RECIPROCAL/SECOND_ITERATION/shift_delay_reg[1][1]_srl8_RECIPROCAL_SECOND_ITERATION_valid_delay_reg_c_3_i_15/O[0]
                         net (fo=1, routed)           0.661     5.465    RECIPROCAL/SECOND_ITERATION/shift_delay_reg[1][1]_srl8_RECIPROCAL_SECOND_ITERATION_valid_delay_reg_c_3_i_15_n_7
    SLICE_X3Y19          LUT3 (Prop_lut3_I0_O)        0.295     5.760 f  RECIPROCAL/SECOND_ITERATION/normalized[23]_i_12/O
                         net (fo=7, routed)           0.827     6.587    RECIPROCAL/SECOND_ITERATION/p_20_in
    SLICE_X3Y20          LUT6 (Prop_lut6_I5_O)        0.124     6.711 f  RECIPROCAL/SECOND_ITERATION/shift_delay_reg[1][1]_srl8_RECIPROCAL_SECOND_ITERATION_valid_delay_reg_c_3_i_14/O
                         net (fo=3, routed)           0.828     7.539    RECIPROCAL/SECOND_ITERATION/shift_delay_reg[1][1]_srl8_RECIPROCAL_SECOND_ITERATION_valid_delay_reg_c_3_i_14_n_0
    SLICE_X3Y19          LUT5 (Prop_lut5_I0_O)        0.124     7.663 f  RECIPROCAL/SECOND_ITERATION/shift_delay_reg[1][1]_srl8_RECIPROCAL_SECOND_ITERATION_valid_delay_reg_c_3_i_4/O
                         net (fo=28, routed)          1.967     9.630    RECIPROCAL/SECOND_ITERATION/w_clip[23]_1
    SLICE_X3Y16          LUT6 (Prop_lut6_I1_O)        0.124     9.754 r  RECIPROCAL/SECOND_ITERATION/normalized[19]_i_4/O
                         net (fo=41, routed)          1.664    11.418    RECIPROCAL/SECOND_ITERATION_n_4
    SLICE_X8Y15          LUT4 (Prop_lut4_I0_O)        0.150    11.568 r  RECIPROCAL/normalized[16]_i_4/O
                         net (fo=3, routed)           0.419    11.987    RECIPROCAL/normalized[16]_i_4_n_0
    SLICE_X9Y16          LUT2 (Prop_lut2_I1_O)        0.328    12.315 r  RECIPROCAL/normalized[0]_i_1/O
                         net (fo=1, routed)           0.000    12.315    RECIPROCAL/normalized[0]_i_1_n_0
    SLICE_X9Y16          FDCE                                         r  RECIPROCAL/normalized_reg[0]/D
  -------------------------------------------------------------------    -------------------

Slack:                    inf
  Source:                 w_clip[0]
                            (input port)
  Destination:            RECIPROCAL/normalized_reg[16]/D
  Path Group:             (none)
  Path Type:              Max at Slow Process Corner
  Data Path Delay:        12.309ns  (logic 3.476ns (28.238%)  route 8.833ns (71.762%))
  Logic Levels:           14  (CARRY4=6 IBUF=1 LUT1=1 LUT3=1 LUT4=1 LUT5=2 LUT6=2)

    Location             Delay type                Incr(ns)  Path(ns)    Netlist Resource(s)
  -------------------------------------------------------------------    -------------------
    U11                                               0.000     0.000 f  w_clip[0] (IN)
                         net (fo=0)                   0.000     0.000    w_clip[0]
    U11                  IBUF (Prop_ibuf_I_O)         0.931     0.931 f  w_clip_IBUF[0]_inst/O
                         net (fo=12, routed)          2.129     3.060    RECIPROCAL/SECOND_ITERATION/w_clip_IBUF[0]
    SLICE_X4Y14          LUT1 (Prop_lut1_I0_O)        0.124     3.184 r  RECIPROCAL/SECOND_ITERATION/normalized[5]_i_4/O
                         net (fo=1, routed)           0.338     3.522    RECIPROCAL/SECOND_ITERATION/normalized[5]_i_4_n_0
    SLICE_X2Y14          CARRY4 (Prop_carry4_CYINIT_CO[3])
                                                      0.595     4.117 r  RECIPROCAL/SECOND_ITERATION/normalized_reg[5]_i_3/CO[3]
                         net (fo=1, routed)           0.000     4.117    RECIPROCAL/SECOND_ITERATION/normalized_reg[5]_i_3_n_0
    SLICE_X2Y15          CARRY4 (Prop_carry4_CI_CO[3])
                                                      0.117     4.234 r  RECIPROCAL/SECOND_ITERATION/normalized_reg[23]_i_35/CO[3]
                         net (fo=1, routed)           0.000     4.234    RECIPROCAL/SECOND_ITERATION/normalized_reg[23]_i_35_n_0
    SLICE_X2Y16          CARRY4 (Prop_carry4_CI_CO[3])
                                                      0.117     4.351 r  RECIPROCAL/SECOND_ITERATION/normalized_reg[23]_i_36/CO[3]
                         net (fo=1, routed)           0.000     4.351    RECIPROCAL/SECOND_ITERATION/normalized_reg[23]_i_36_n_0
    SLICE_X2Y17          CARRY4 (Prop_carry4_CI_CO[3])
                                                      0.117     4.468 r  RECIPROCAL/SECOND_ITERATION/normalized_reg[23]_i_33/CO[3]
                         net (fo=1, routed)           0.000     4.468    RECIPROCAL/SECOND_ITERATION/normalized_reg[23]_i_33_n_0
    SLICE_X2Y18          CARRY4 (Prop_carry4_CI_CO[3])
                                                      0.117     4.585 r  RECIPROCAL/SECOND_ITERATION/normalized_reg[23]_i_34/CO[3]
                         net (fo=1, routed)           0.000     4.585    RECIPROCAL/SECOND_ITERATION/normalized_reg[23]_i_34_n_0
    SLICE_X2Y19          CARRY4 (Prop_carry4_CI_O[0])
                                                      0.219     4.804 f  RECIPROCAL/SECOND_ITERATION/shift_delay_reg[1][1]_srl8_RECIPROCAL_SECOND_ITERATION_valid_delay_reg_c_3_i_15/O[0]
                         net (fo=1, routed)           0.661     5.465    RECIPROCAL/SECOND_ITERATION/shift_delay_reg[1][1]_srl8_RECIPROCAL_SECOND_ITERATION_valid_delay_reg_c_3_i_15_n_7
    SLICE_X3Y19          LUT3 (Prop_lut3_I0_O)        0.295     5.760 f  RECIPROCAL/SECOND_ITERATION/normalized[23]_i_12/O
                         net (fo=7, routed)           0.827     6.587    RECIPROCAL/SECOND_ITERATION/p_20_in
    SLICE_X3Y20          LUT6 (Prop_lut6_I5_O)        0.124     6.711 f  RECIPROCAL/SECOND_ITERATION/shift_delay_reg[1][1]_srl8_RECIPROCAL_SECOND_ITERATION_valid_delay_reg_c_3_i_14/O
                         net (fo=3, routed)           0.828     7.539    RECIPROCAL/SECOND_ITERATION/shift_delay_reg[1][1]_srl8_RECIPROCAL_SECOND_ITERATION_valid_delay_reg_c_3_i_14_n_0
    SLICE_X3Y19          LUT5 (Prop_lut5_I0_O)        0.124     7.663 f  RECIPROCAL/SECOND_ITERATION/shift_delay_reg[1][1]_srl8_RECIPROCAL_SECOND_ITERATION_valid_delay_reg_c_3_i_4/O
                         net (fo=28, routed)          1.967     9.630    RECIPROCAL/SECOND_ITERATION/w_clip[23]_1
    SLICE_X3Y16          LUT6 (Prop_lut6_I1_O)        0.124     9.754 r  RECIPROCAL/SECOND_ITERATION/normalized[19]_i_4/O
                         net (fo=41, routed)          1.664    11.418    RECIPROCAL/SECOND_ITERATION_n_4
    SLICE_X8Y15          LUT4 (Prop_lut4_I0_O)        0.150    11.568 r  RECIPROCAL/normalized[16]_i_4/O
                         net (fo=3, routed)           0.419    11.987    RECIPROCAL/normalized[16]_i_4_n_0
    SLICE_X9Y16          LUT5 (Prop_lut5_I4_O)        0.322    12.309 r  RECIPROCAL/normalized[16]_i_1/O
                         net (fo=1, routed)           0.000    12.309    RECIPROCAL/normalized[16]_i_1_n_0
    SLICE_X9Y16          FDCE                                         r  RECIPROCAL/normalized_reg[16]/D
  -------------------------------------------------------------------    -------------------

Slack:                    inf
  Source:                 w_clip[0]
                            (input port)
  Destination:            RECIPROCAL/SECOND_ITERATION/shift_delay_reg[1][2]_srl8_RECIPROCAL_SECOND_ITERATION_valid_delay_reg_c_3/D
  Path Group:             (none)
  Path Type:              Max at Slow Process Corner
  Data Path Delay:        12.278ns  (logic 3.128ns (25.474%)  route 9.151ns (74.526%))
  Logic Levels:           13  (CARRY4=6 IBUF=1 LUT1=1 LUT2=1 LUT3=1 LUT5=1 LUT6=2)

    Location             Delay type                Incr(ns)  Path(ns)    Netlist Resource(s)
  -------------------------------------------------------------------    -------------------
    U11                                               0.000     0.000 f  w_clip[0] (IN)
                         net (fo=0)                   0.000     0.000    w_clip[0]
    U11                  IBUF (Prop_ibuf_I_O)         0.931     0.931 f  w_clip_IBUF[0]_inst/O
                         net (fo=12, routed)          2.129     3.060    RECIPROCAL/SECOND_ITERATION/w_clip_IBUF[0]
    SLICE_X4Y14          LUT1 (Prop_lut1_I0_O)        0.124     3.184 r  RECIPROCAL/SECOND_ITERATION/normalized[5]_i_4/O
                         net (fo=1, routed)           0.338     3.522    RECIPROCAL/SECOND_ITERATION/normalized[5]_i_4_n_0
    SLICE_X2Y14          CARRY4 (Prop_carry4_CYINIT_CO[3])
                                                      0.595     4.117 r  RECIPROCAL/SECOND_ITERATION/normalized_reg[5]_i_3/CO[3]
                         net (fo=1, routed)           0.000     4.117    RECIPROCAL/SECOND_ITERATION/normalized_reg[5]_i_3_n_0
    SLICE_X2Y15          CARRY4 (Prop_carry4_CI_CO[3])
                                                      0.117     4.234 r  RECIPROCAL/SECOND_ITERATION/normalized_reg[23]_i_35/CO[3]
                         net (fo=1, routed)           0.000     4.234    RECIPROCAL/SECOND_ITERATION/normalized_reg[23]_i_35_n_0
    SLICE_X2Y16          CARRY4 (Prop_carry4_CI_CO[3])
                                                      0.117     4.351 r  RECIPROCAL/SECOND_ITERATION/normalized_reg[23]_i_36/CO[3]
                         net (fo=1, routed)           0.000     4.351    RECIPROCAL/SECOND_ITERATION/normalized_reg[23]_i_36_n_0
    SLICE_X2Y17          CARRY4 (Prop_carry4_CI_CO[3])
                                                      0.117     4.468 r  RECIPROCAL/SECOND_ITERATION/normalized_reg[23]_i_33/CO[3]
                         net (fo=1, routed)           0.000     4.468    RECIPROCAL/SECOND_ITERATION/normalized_reg[23]_i_33_n_0
    SLICE_X2Y18          CARRY4 (Prop_carry4_CI_CO[3])
                                                      0.117     4.585 r  RECIPROCAL/SECOND_ITERATION/normalized_reg[23]_i_34/CO[3]
                         net (fo=1, routed)           0.000     4.585    RECIPROCAL/SECOND_ITERATION/normalized_reg[23]_i_34_n_0
    SLICE_X2Y19          CARRY4 (Prop_carry4_CI_O[0])
                                                      0.219     4.804 f  RECIPROCAL/SECOND_ITERATION/shift_delay_reg[1][1]_srl8_RECIPROCAL_SECOND_ITERATION_valid_delay_reg_c_3_i_15/O[0]
                         net (fo=1, routed)           0.661     5.465    RECIPROCAL/SECOND_ITERATION/shift_delay_reg[1][1]_srl8_RECIPROCAL_SECOND_ITERATION_valid_delay_reg_c_3_i_15_n_7
    SLICE_X3Y19          LUT3 (Prop_lut3_I0_O)        0.295     5.760 f  RECIPROCAL/SECOND_ITERATION/normalized[23]_i_12/O
                         net (fo=7, routed)           0.827     6.587    RECIPROCAL/SECOND_ITERATION/p_20_in
    SLICE_X3Y20          LUT6 (Prop_lut6_I5_O)        0.124     6.711 f  RECIPROCAL/SECOND_ITERATION/shift_delay_reg[1][1]_srl8_RECIPROCAL_SECOND_ITERATION_valid_delay_reg_c_3_i_14/O
                         net (fo=3, routed)           0.828     7.539    RECIPROCAL/SECOND_ITERATION/shift_delay_reg[1][1]_srl8_RECIPROCAL_SECOND_ITERATION_valid_delay_reg_c_3_i_14_n_0
    SLICE_X3Y19          LUT5 (Prop_lut5_I0_O)        0.124     7.663 f  RECIPROCAL/SECOND_ITERATION/shift_delay_reg[1][1]_srl8_RECIPROCAL_SECOND_ITERATION_valid_delay_reg_c_3_i_4/O
                         net (fo=28, routed)          1.967     9.630    RECIPROCAL/SECOND_ITERATION/w_clip[23]_1
    SLICE_X3Y16          LUT6 (Prop_lut6_I1_O)        0.124     9.754 r  RECIPROCAL/SECOND_ITERATION/normalized[19]_i_4/O
                         net (fo=41, routed)          1.911    11.665    RECIPROCAL/SECOND_ITERATION/normalized[19]_i_9_0
    SLICE_X9Y20          LUT2 (Prop_lut2_I0_O)        0.124    11.789 r  RECIPROCAL/SECOND_ITERATION/shift_delay_reg[1][2]_srl8_RECIPROCAL_SECOND_ITERATION_valid_delay_reg_c_3_i_1/O
                         net (fo=1, routed)           0.489    12.278    RECIPROCAL/SECOND_ITERATION/shift_delay_reg[1][2]_srl8_RECIPROCAL_SECOND_ITERATION_valid_delay_reg_c_3_i_1_n_0
    SLICE_X10Y20         SRL16E                                       r  RECIPROCAL/SECOND_ITERATION/shift_delay_reg[1][2]_srl8_RECIPROCAL_SECOND_ITERATION_valid_delay_reg_c_3/D
  -------------------------------------------------------------------    -------------------

Slack:                    inf
  Source:                 w_clip[0]
                            (input port)
  Destination:            RECIPROCAL/normalized_reg[19]/D
  Path Group:             (none)
  Path Type:              Max at Slow Process Corner
  Data Path Delay:        12.257ns  (logic 3.252ns (26.530%)  route 9.005ns (73.470%))
  Logic Levels:           14  (CARRY4=6 IBUF=1 LUT1=1 LUT3=1 LUT5=1 LUT6=4)

    Location             Delay type                Incr(ns)  Path(ns)    Netlist Resource(s)
  -------------------------------------------------------------------    -------------------
    U11                                               0.000     0.000 f  w_clip[0] (IN)
                         net (fo=0)                   0.000     0.000    w_clip[0]
    U11                  IBUF (Prop_ibuf_I_O)         0.931     0.931 f  w_clip_IBUF[0]_inst/O
                         net (fo=12, routed)          2.129     3.060    RECIPROCAL/SECOND_ITERATION/w_clip_IBUF[0]
    SLICE_X4Y14          LUT1 (Prop_lut1_I0_O)        0.124     3.184 r  RECIPROCAL/SECOND_ITERATION/normalized[5]_i_4/O
                         net (fo=1, routed)           0.338     3.522    RECIPROCAL/SECOND_ITERATION/normalized[5]_i_4_n_0
    SLICE_X2Y14          CARRY4 (Prop_carry4_CYINIT_CO[3])
                                                      0.595     4.117 r  RECIPROCAL/SECOND_ITERATION/normalized_reg[5]_i_3/CO[3]
                         net (fo=1, routed)           0.000     4.117    RECIPROCAL/SECOND_ITERATION/normalized_reg[5]_i_3_n_0
    SLICE_X2Y15          CARRY4 (Prop_carry4_CI_CO[3])
                                                      0.117     4.234 r  RECIPROCAL/SECOND_ITERATION/normalized_reg[23]_i_35/CO[3]
                         net (fo=1, routed)           0.000     4.234    RECIPROCAL/SECOND_ITERATION/normalized_reg[23]_i_35_n_0
    SLICE_X2Y16          CARRY4 (Prop_carry4_CI_CO[3])
                                                      0.117     4.351 r  RECIPROCAL/SECOND_ITERATION/normalized_reg[23]_i_36/CO[3]
                         net (fo=1, routed)           0.000     4.351    RECIPROCAL/SECOND_ITERATION/normalized_reg[23]_i_36_n_0
    SLICE_X2Y17          CARRY4 (Prop_carry4_CI_CO[3])
                                                      0.117     4.468 r  RECIPROCAL/SECOND_ITERATION/normalized_reg[23]_i_33/CO[3]
                         net (fo=1, routed)           0.000     4.468    RECIPROCAL/SECOND_ITERATION/normalized_reg[23]_i_33_n_0
    SLICE_X2Y18          CARRY4 (Prop_carry4_CI_CO[3])
                                                      0.117     4.585 r  RECIPROCAL/SECOND_ITERATION/normalized_reg[23]_i_34/CO[3]
                         net (fo=1, routed)           0.000     4.585    RECIPROCAL/SECOND_ITERATION/normalized_reg[23]_i_34_n_0
    SLICE_X2Y19          CARRY4 (Prop_carry4_CI_O[0])
                                                      0.219     4.804 f  RECIPROCAL/SECOND_ITERATION/shift_delay_reg[1][1]_srl8_RECIPROCAL_SECOND_ITERATION_valid_delay_reg_c_3_i_15/O[0]
                         net (fo=1, routed)           0.661     5.465    RECIPROCAL/SECOND_ITERATION/shift_delay_reg[1][1]_srl8_RECIPROCAL_SECOND_ITERATION_valid_delay_reg_c_3_i_15_n_7
    SLICE_X3Y19          LUT3 (Prop_lut3_I0_O)        0.295     5.760 f  RECIPROCAL/SECOND_ITERATION/normalized[23]_i_12/O
                         net (fo=7, routed)           0.827     6.587    RECIPROCAL/SECOND_ITERATION/p_20_in
    SLICE_X3Y20          LUT6 (Prop_lut6_I5_O)        0.124     6.711 f  RECIPROCAL/SECOND_ITERATION/shift_delay_reg[1][1]_srl8_RECIPROCAL_SECOND_ITERATION_valid_delay_reg_c_3_i_14/O
                         net (fo=3, routed)           0.828     7.539    RECIPROCAL/SECOND_ITERATION/shift_delay_reg[1][1]_srl8_RECIPROCAL_SECOND_ITERATION_valid_delay_reg_c_3_i_14_n_0
    SLICE_X3Y19          LUT5 (Prop_lut5_I0_O)        0.124     7.663 f  RECIPROCAL/SECOND_ITERATION/shift_delay_reg[1][1]_srl8_RECIPROCAL_SECOND_ITERATION_valid_delay_reg_c_3_i_4/O
                         net (fo=28, routed)          1.967     9.630    RECIPROCAL/SECOND_ITERATION/w_clip[23]_1
    SLICE_X3Y16          LUT6 (Prop_lut6_I1_O)        0.124     9.754 r  RECIPROCAL/SECOND_ITERATION/normalized[19]_i_4/O
                         net (fo=41, routed)          1.502    11.257    RECIPROCAL/SECOND_ITERATION_n_4
    SLICE_X7Y17          LUT6 (Prop_lut6_I2_O)        0.124    11.381 r  RECIPROCAL/normalized[19]_i_3/O
                         net (fo=1, routed)           0.753    12.133    RECIPROCAL/normalized[19]_i_3_n_0
    SLICE_X8Y17          LUT6 (Prop_lut6_I2_O)        0.124    12.257 r  RECIPROCAL/normalized[19]_i_1/O
                         net (fo=1, routed)           0.000    12.257    RECIPROCAL/normalized[19]_i_1_n_0
    SLICE_X8Y17          FDCE                                         r  RECIPROCAL/normalized_reg[19]/D
  -------------------------------------------------------------------    -------------------

Slack:                    inf
  Source:                 w_clip[0]
                            (input port)
  Destination:            RECIPROCAL/normalized_reg[1]/D
  Path Group:             (none)
  Path Type:              Max at Slow Process Corner
  Data Path Delay:        12.227ns  (logic 3.244ns (26.530%)  route 8.983ns (73.470%))
  Logic Levels:           14  (CARRY4=6 IBUF=1 LUT1=1 LUT2=1 LUT3=1 LUT5=2 LUT6=2)

    Location             Delay type                Incr(ns)  Path(ns)    Netlist Resource(s)
  -------------------------------------------------------------------    -------------------
    U11                                               0.000     0.000 f  w_clip[0] (IN)
                         net (fo=0)                   0.000     0.000    w_clip[0]
    U11                  IBUF (Prop_ibuf_I_O)         0.931     0.931 f  w_clip_IBUF[0]_inst/O
                         net (fo=12, routed)          2.129     3.060    RECIPROCAL/SECOND_ITERATION/w_clip_IBUF[0]
    SLICE_X4Y14          LUT1 (Prop_lut1_I0_O)        0.124     3.184 r  RECIPROCAL/SECOND_ITERATION/normalized[5]_i_4/O
                         net (fo=1, routed)           0.338     3.522    RECIPROCAL/SECOND_ITERATION/normalized[5]_i_4_n_0
    SLICE_X2Y14          CARRY4 (Prop_carry4_CYINIT_CO[3])
                                                      0.595     4.117 r  RECIPROCAL/SECOND_ITERATION/normalized_reg[5]_i_3/CO[3]
                         net (fo=1, routed)           0.000     4.117    RECIPROCAL/SECOND_ITERATION/normalized_reg[5]_i_3_n_0
    SLICE_X2Y15          CARRY4 (Prop_carry4_CI_CO[3])
                                                      0.117     4.234 r  RECIPROCAL/SECOND_ITERATION/normalized_reg[23]_i_35/CO[3]
                         net (fo=1, routed)           0.000     4.234    RECIPROCAL/SECOND_ITERATION/normalized_reg[23]_i_35_n_0
    SLICE_X2Y16          CARRY4 (Prop_carry4_CI_CO[3])
                                                      0.117     4.351 r  RECIPROCAL/SECOND_ITERATION/normalized_reg[23]_i_36/CO[3]
                         net (fo=1, routed)           0.000     4.351    RECIPROCAL/SECOND_ITERATION/normalized_reg[23]_i_36_n_0
    SLICE_X2Y17          CARRY4 (Prop_carry4_CI_CO[3])
                                                      0.117     4.468 r  RECIPROCAL/SECOND_ITERATION/normalized_reg[23]_i_33/CO[3]
                         net (fo=1, routed)           0.000     4.468    RECIPROCAL/SECOND_ITERATION/normalized_reg[23]_i_33_n_0
    SLICE_X2Y18          CARRY4 (Prop_carry4_CI_CO[3])
                                                      0.117     4.585 r  RECIPROCAL/SECOND_ITERATION/normalized_reg[23]_i_34/CO[3]
                         net (fo=1, routed)           0.000     4.585    RECIPROCAL/SECOND_ITERATION/normalized_reg[23]_i_34_n_0
    SLICE_X2Y19          CARRY4 (Prop_carry4_CI_O[0])
                                                      0.219     4.804 f  RECIPROCAL/SECOND_ITERATION/shift_delay_reg[1][1]_srl8_RECIPROCAL_SECOND_ITERATION_valid_delay_reg_c_3_i_15/O[0]
                         net (fo=1, routed)           0.661     5.465    RECIPROCAL/SECOND_ITERATION/shift_delay_reg[1][1]_srl8_RECIPROCAL_SECOND_ITERATION_valid_delay_reg_c_3_i_15_n_7
    SLICE_X3Y19          LUT3 (Prop_lut3_I0_O)        0.295     5.760 f  RECIPROCAL/SECOND_ITERATION/normalized[23]_i_12/O
                         net (fo=7, routed)           0.827     6.587    RECIPROCAL/SECOND_ITERATION/p_20_in
    SLICE_X3Y20          LUT6 (Prop_lut6_I5_O)        0.124     6.711 f  RECIPROCAL/SECOND_ITERATION/shift_delay_reg[1][1]_srl8_RECIPROCAL_SECOND_ITERATION_valid_delay_reg_c_3_i_14/O
                         net (fo=3, routed)           0.828     7.539    RECIPROCAL/SECOND_ITERATION/shift_delay_reg[1][1]_srl8_RECIPROCAL_SECOND_ITERATION_valid_delay_reg_c_3_i_14_n_0
    SLICE_X3Y19          LUT5 (Prop_lut5_I0_O)        0.124     7.663 f  RECIPROCAL/SECOND_ITERATION/shift_delay_reg[1][1]_srl8_RECIPROCAL_SECOND_ITERATION_valid_delay_reg_c_3_i_4/O
                         net (fo=28, routed)          1.967     9.630    RECIPROCAL/SECOND_ITERATION/w_clip[23]_1
    SLICE_X3Y16          LUT6 (Prop_lut6_I1_O)        0.124     9.754 r  RECIPROCAL/SECOND_ITERATION/normalized[19]_i_4/O
                         net (fo=41, routed)          1.664    11.418    RECIPROCAL/SECOND_ITERATION_n_4
    SLICE_X8Y15          LUT5 (Prop_lut5_I0_O)        0.124    11.542 r  RECIPROCAL/normalized[17]_i_4/O
                         net (fo=3, routed)           0.569    12.111    RECIPROCAL/normalized[17]_i_4_n_0
    SLICE_X8Y18          LUT2 (Prop_lut2_I1_O)        0.116    12.227 r  RECIPROCAL/normalized[1]_i_1/O
                         net (fo=1, routed)           0.000    12.227    RECIPROCAL/normalized[1]_i_1_n_0
    SLICE_X8Y18          FDCE                                         r  RECIPROCAL/normalized_reg[1]/D
  -------------------------------------------------------------------    -------------------





Min Delay Paths
--------------------------------------------------------------------------------------
Slack:                    inf
  Source:                 RECIPROCAL/FIRST_ITERATION/guess_delay_reg[0][8]/C
                            (rising edge-triggered cell FDCE)
  Destination:            RECIPROCAL/FIRST_ITERATION/guess_delay_reg[1][8]/D
  Path Group:             (none)
  Path Type:              Min at Fast Process Corner
  Data Path Delay:        0.214ns  (logic 0.128ns (59.943%)  route 0.086ns (40.057%))
  Logic Levels:           1  (FDCE=1)

    Location             Delay type                Incr(ns)  Path(ns)    Netlist Resource(s)
  -------------------------------------------------------------------    -------------------
    SLICE_X13Y17         FDCE                         0.000     0.000 r  RECIPROCAL/FIRST_ITERATION/guess_delay_reg[0][8]/C
    SLICE_X13Y17         FDCE (Prop_fdce_C_Q)         0.128     0.128 r  RECIPROCAL/FIRST_ITERATION/guess_delay_reg[0][8]/Q
                         net (fo=1, routed)           0.086     0.214    RECIPROCAL/FIRST_ITERATION/guess_delay_reg_n_0_[0][8]
    SLICE_X13Y17         FDCE                                         r  RECIPROCAL/FIRST_ITERATION/guess_delay_reg[1][8]/D
  -------------------------------------------------------------------    -------------------

Slack:                    inf
  Source:                 RECIPROCAL/FIRST_ITERATION/guess_delay_reg[0][14]/C
                            (rising edge-triggered cell FDCE)
  Destination:            RECIPROCAL/FIRST_ITERATION/guess_delay_reg[1][14]/D
  Path Group:             (none)
  Path Type:              Min at Fast Process Corner
  Data Path Delay:        0.242ns  (logic 0.128ns (52.946%)  route 0.114ns (47.054%))
  Logic Levels:           1  (FDCE=1)

    Location             Delay type                Incr(ns)  Path(ns)    Netlist Resource(s)
  -------------------------------------------------------------------    -------------------
    SLICE_X13Y15         FDCE                         0.000     0.000 r  RECIPROCAL/FIRST_ITERATION/guess_delay_reg[0][14]/C
    SLICE_X13Y15         FDCE (Prop_fdce_C_Q)         0.128     0.128 r  RECIPROCAL/FIRST_ITERATION/guess_delay_reg[0][14]/Q
                         net (fo=1, routed)           0.114     0.242    RECIPROCAL/FIRST_ITERATION/guess_delay_reg_n_0_[0][14]
    SLICE_X13Y16         FDCE                                         r  RECIPROCAL/FIRST_ITERATION/guess_delay_reg[1][14]/D
  -------------------------------------------------------------------    -------------------

Slack:                    inf
  Source:                 RECIPROCAL/normalized_reg[6]/C
                            (rising edge-triggered cell FDCE)
  Destination:            RECIPROCAL/nr_value_reg[6]/D
  Path Group:             (none)
  Path Type:              Min at Fast Process Corner
  Data Path Delay:        0.245ns  (logic 0.128ns (52.308%)  route 0.117ns (47.692%))
  Logic Levels:           1  (FDCE=1)

    Location             Delay type                Incr(ns)  Path(ns)    Netlist Resource(s)
  -------------------------------------------------------------------    -------------------
    SLICE_X9Y15          FDCE                         0.000     0.000 r  RECIPROCAL/normalized_reg[6]/C
    SLICE_X9Y15          FDCE (Prop_fdce_C_Q)         0.128     0.128 r  RECIPROCAL/normalized_reg[6]/Q
                         net (fo=1, routed)           0.117     0.245    RECIPROCAL/normalized_reg_n_0_[6]
    SLICE_X11Y15         FDCE                                         r  RECIPROCAL/nr_value_reg[6]/D
  -------------------------------------------------------------------    -------------------

Slack:                    inf
  Source:                 RECIPROCAL/FIRST_ITERATION/guess_delay_reg[0][1]/C
                            (rising edge-triggered cell FDCE)
  Destination:            RECIPROCAL/FIRST_ITERATION/guess_delay_reg[1][1]/D
  Path Group:             (none)
  Path Type:              Min at Fast Process Corner
  Data Path Delay:        0.247ns  (logic 0.128ns (51.736%)  route 0.119ns (48.264%))
  Logic Levels:           1  (FDCE=1)

    Location             Delay type                Incr(ns)  Path(ns)    Netlist Resource(s)
  -------------------------------------------------------------------    -------------------
    SLICE_X13Y14         FDCE                         0.000     0.000 r  RECIPROCAL/FIRST_ITERATION/guess_delay_reg[0][1]/C
    SLICE_X13Y14         FDCE (Prop_fdce_C_Q)         0.128     0.128 r  RECIPROCAL/FIRST_ITERATION/guess_delay_reg[0][1]/Q
                         net (fo=1, routed)           0.119     0.247    RECIPROCAL/FIRST_ITERATION/guess_delay_reg_n_0_[0][1]
    SLICE_X13Y14         FDCE                                         r  RECIPROCAL/FIRST_ITERATION/guess_delay_reg[1][1]/D
  -------------------------------------------------------------------    -------------------

Slack:                    inf
  Source:                 RECIPROCAL/FIRST_ITERATION/guess_delay_reg[0][22]/C
                            (rising edge-triggered cell FDCE)
  Destination:            RECIPROCAL/FIRST_ITERATION/guess_delay_reg[1][22]/D
  Path Group:             (none)
  Path Type:              Min at Fast Process Corner
  Data Path Delay:        0.247ns  (logic 0.128ns (51.736%)  route 0.119ns (48.264%))
  Logic Levels:           1  (FDCE=1)

    Location             Delay type                Incr(ns)  Path(ns)    Netlist Resource(s)
  -------------------------------------------------------------------    -------------------
    SLICE_X13Y12         FDCE                         0.000     0.000 r  RECIPROCAL/FIRST_ITERATION/guess_delay_reg[0][22]/C
    SLICE_X13Y12         FDCE (Prop_fdce_C_Q)         0.128     0.128 r  RECIPROCAL/FIRST_ITERATION/guess_delay_reg[0][22]/Q
                         net (fo=1, routed)           0.119     0.247    RECIPROCAL/FIRST_ITERATION/guess_delay_reg_n_0_[0][22]
    SLICE_X13Y12         FDCE                                         r  RECIPROCAL/FIRST_ITERATION/guess_delay_reg[1][22]/D
  -------------------------------------------------------------------    -------------------

Slack:                    inf
  Source:                 RECIPROCAL/SECOND_ITERATION/guess_delay_reg[0][21]/C
                            (rising edge-triggered cell FDCE)
  Destination:            RECIPROCAL/SECOND_ITERATION/guess_delay_reg[1][21]/D
  Path Group:             (none)
  Path Type:              Min at Fast Process Corner
  Data Path Delay:        0.248ns  (logic 0.128ns (51.686%)  route 0.120ns (48.314%))
  Logic Levels:           1  (FDCE=1)

    Location             Delay type                Incr(ns)  Path(ns)    Netlist Resource(s)
  -------------------------------------------------------------------    -------------------
    SLICE_X13Y21         FDCE                         0.000     0.000 r  RECIPROCAL/SECOND_ITERATION/guess_delay_reg[0][21]/C
    SLICE_X13Y21         FDCE (Prop_fdce_C_Q)         0.128     0.128 r  RECIPROCAL/SECOND_ITERATION/guess_delay_reg[0][21]/Q
                         net (fo=1, routed)           0.120     0.248    RECIPROCAL/SECOND_ITERATION/guess_delay_reg_n_0_[0][21]
    SLICE_X13Y22         FDCE                                         r  RECIPROCAL/SECOND_ITERATION/guess_delay_reg[1][21]/D
  -------------------------------------------------------------------    -------------------

Slack:                    inf
  Source:                 RECIPROCAL/start_value_reg[13]/C
                            (rising edge-triggered cell FDCE)
  Destination:            RECIPROCAL/FIRST_ITERATION/guess_delay_reg[0][13]/D
  Path Group:             (none)
  Path Type:              Min at Fast Process Corner
  Data Path Delay:        0.261ns  (logic 0.148ns (56.753%)  route 0.113ns (43.247%))
  Logic Levels:           1  (FDCE=1)

    Location             Delay type                Incr(ns)  Path(ns)    Netlist Resource(s)
  -------------------------------------------------------------------    -------------------
    SLICE_X14Y14         FDCE                         0.000     0.000 r  RECIPROCAL/start_value_reg[13]/C
    SLICE_X14Y14         FDCE (Prop_fdce_C_Q)         0.148     0.148 r  RECIPROCAL/start_value_reg[13]/Q
                         net (fo=2, routed)           0.113     0.261    RECIPROCAL/FIRST_ITERATION/high_product0[13]
    SLICE_X13Y15         FDCE                                         r  RECIPROCAL/FIRST_ITERATION/guess_delay_reg[0][13]/D
  -------------------------------------------------------------------    -------------------

Slack:                    inf
  Source:                 RECIPROCAL/FIRST_ITERATION/SECOND_MULTIPLY/product_reg[46]/C
                            (rising edge-triggered cell FDCE)
  Destination:            RECIPROCAL/SECOND_ITERATION/guess_delay_reg[0][23]/D
  Path Group:             (none)
  Path Type:              Min at Fast Process Corner
  Data Path Delay:        0.269ns  (logic 0.141ns (52.345%)  route 0.128ns (47.655%))
  Logic Levels:           1  (FDCE=1)

    Location             Delay type                Incr(ns)  Path(ns)    Netlist Resource(s)
  -------------------------------------------------------------------    -------------------
    SLICE_X11Y22         FDCE                         0.000     0.000 r  RECIPROCAL/FIRST_ITERATION/SECOND_MULTIPLY/product_reg[46]/C
    SLICE_X11Y22         FDCE (Prop_fdce_C_Q)         0.141     0.141 r  RECIPROCAL/FIRST_ITERATION/SECOND_MULTIPLY/product_reg[46]/Q
                         net (fo=2, routed)           0.128     0.269    RECIPROCAL/SECOND_ITERATION/guess_in[23]
    SLICE_X10Y22         FDCE                                         r  RECIPROCAL/SECOND_ITERATION/guess_delay_reg[0][23]/D
  -------------------------------------------------------------------    -------------------

Slack:                    inf
  Source:                 RECIPROCAL/SECOND_ITERATION/guess_delay_reg[0][10]/C
                            (rising edge-triggered cell FDCE)
  Destination:            RECIPROCAL/SECOND_ITERATION/guess_delay_reg[1][10]/D
  Path Group:             (none)
  Path Type:              Min at Fast Process Corner
  Data Path Delay:        0.274ns  (logic 0.164ns (59.853%)  route 0.110ns (40.147%))
  Logic Levels:           1  (FDCE=1)

    Location             Delay type                Incr(ns)  Path(ns)    Netlist Resource(s)
  -------------------------------------------------------------------    -------------------
    SLICE_X10Y21         FDCE                         0.000     0.000 r  RECIPROCAL/SECOND_ITERATION/guess_delay_reg[0][10]/C
    SLICE_X10Y21         FDCE (Prop_fdce_C_Q)         0.164     0.164 r  RECIPROCAL/SECOND_ITERATION/guess_delay_reg[0][10]/Q
                         net (fo=1, routed)           0.110     0.274    RECIPROCAL/SECOND_ITERATION/guess_delay_reg_n_0_[0][10]
    SLICE_X10Y21         FDCE                                         r  RECIPROCAL/SECOND_ITERATION/guess_delay_reg[1][10]/D
  -------------------------------------------------------------------    -------------------

Slack:                    inf
  Source:                 RECIPROCAL/SECOND_ITERATION/guess_delay_reg[0][15]/C
                            (rising edge-triggered cell FDCE)
  Destination:            RECIPROCAL/SECOND_ITERATION/guess_delay_reg[1][15]/D
  Path Group:             (none)
  Path Type:              Min at Fast Process Corner
  Data Path Delay:        0.276ns  (logic 0.164ns (59.419%)  route 0.112ns (40.581%))
  Logic Levels:           1  (FDCE=1)

    Location             Delay type                Incr(ns)  Path(ns)    Netlist Resource(s)
  -------------------------------------------------------------------    -------------------
    SLICE_X10Y25         FDCE                         0.000     0.000 r  RECIPROCAL/SECOND_ITERATION/guess_delay_reg[0][15]/C
    SLICE_X10Y25         FDCE (Prop_fdce_C_Q)         0.164     0.164 r  RECIPROCAL/SECOND_ITERATION/guess_delay_reg[0][15]/Q
                         net (fo=1, routed)           0.112     0.276    RECIPROCAL/SECOND_ITERATION/guess_delay_reg_n_0_[0][15]
    SLICE_X10Y26         FDCE                                         r  RECIPROCAL/SECOND_ITERATION/guess_delay_reg[1][15]/D
  -------------------------------------------------------------------    -------------------





