Copyright 1986-2022 Xilinx, Inc. All Rights Reserved. Copyright 2022-2023 Advanced Micro Devices, Inc. All Rights Reserved.
---------------------------------------------------------------------------------------------------------------------------------------------
| Tool Version : Vivado v.2023.2 (lin64) Build 4029153 Fri Oct 13 20:13:54 MDT 2023
| Date         : Sun Sep 27 20:01:03 2026
| Host         : ececomp1.ecn.purdue.edu running 64-bit Oracle Linux Server release 8.10
| Command      : report_timing -nworst 10 -file ./build/worst_timing_paths.rpt
| Design       : perspective_divide
| Device       : 7s50-csga324
| Speed File   : -1  PRODUCTION 1.23 2018-06-13
| Design State : Routed
---------------------------------------------------------------------------------------------------------------------------------------------

Timing Report

Slack:                    inf
  Source:                 w_clip[0]
                            (input port)
  Destination:            RECIPROCAL/normalized_reg[17]/D
  Path Group:             (none)
  Path Type:              Max at Slow Process Corner
  Data Path Delay:        12.749ns  (logic 3.252ns (25.507%)  route 9.497ns (74.493%))
  Logic Levels:           14  (CARRY4=6 IBUF=1 LUT1=1 LUT3=1 LUT5=2 LUT6=3)

    Location             Delay type                Incr(ns)  Path(ns)    Netlist Resource(s)
  -------------------------------------------------------------------    -------------------
    U11                                               0.000     0.000 f  w_clip[0] (IN)
                         net (fo=0)                   0.000     0.000    w_clip[0]
    U11                  IBUF (Prop_ibuf_I_O)         0.931     0.931 f  w_clip_IBUF[0]_inst/O
                         net (fo=12, routed)          2.129     3.060    RECIPROCAL/SECOND_ITERATION/w_clip_IBUF[0]
    SLICE_X4Y14          LUT1 (Prop_lut1_I0_O)        0.124     3.184 r  RECIPROCAL/SECOND_ITERATION/normalized[5]_i_4/O
                         net (fo=1, routed)           0.338     3.522    RECIPROCAL/SECOND_ITERATION/normalized[5]_i_4_n_0
    SLICE_X2Y14          CARRY4 (Prop_carry4_CYINIT_CO[3])
                                                      0.595     4.117 r  RECIPROCAL/SECOND_ITERATION/normalized_reg[5]_i_3/CO[3]
                         net (fo=1, routed)           0.000     4.117    RECIPROCAL/SECOND_ITERATION/normalized_reg[5]_i_3_n_0
    SLICE_X2Y15          CARRY4 (Prop_carry4_CI_CO[3])
                                                      0.117     4.234 r  RECIPROCAL/SECOND_ITERATION/normalized_reg[23]_i_35/CO[3]
                         net (fo=1, routed)           0.000     4.234    RECIPROCAL/SECOND_ITERATION/normalized_reg[23]_i_35_n_0
    SLICE_X2Y16          CARRY4 (Prop_carry4_CI_CO[3])
                                                      0.117     4.351 r  RECIPROCAL/SECOND_ITERATION/normalized_reg[23]_i_36/CO[3]
                         net (fo=1, routed)           0.000     4.351    RECIPROCAL/SECOND_ITERATION/normalized_reg[23]_i_36_n_0
    SLICE_X2Y17          CARRY4 (Prop_carry4_CI_CO[3])
                                                      0.117     4.468 r  RECIPROCAL/SECOND_ITERATION/normalized_reg[23]_i_33/CO[3]
                         net (fo=1, routed)           0.000     4.468    RECIPROCAL/SECOND_ITERATION/normalized_reg[23]_i_33_n_0
    SLICE_X2Y18          CARRY4 (Prop_carry4_CI_CO[3])
                                                      0.117     4.585 r  RECIPROCAL/SECOND_ITERATION/normalized_reg[23]_i_34/CO[3]
                         net (fo=1, routed)           0.000     4.585    RECIPROCAL/SECOND_ITERATION/normalized_reg[23]_i_34_n_0
    SLICE_X2Y19          CARRY4 (Prop_carry4_CI_O[0])
                                                      0.219     4.804 f  RECIPROCAL/SECOND_ITERATION/shift_delay_reg[1][1]_srl8_RECIPROCAL_SECOND_ITERATION_valid_delay_reg_c_3_i_15/O[0]
                         net (fo=1, routed)           0.661     5.465    RECIPROCAL/SECOND_ITERATION/shift_delay_reg[1][1]_srl8_RECIPROCAL_SECOND_ITERATION_valid_delay_reg_c_3_i_15_n_7
    SLICE_X3Y19          LUT3 (Prop_lut3_I0_O)        0.295     5.760 f  RECIPROCAL/SECOND_ITERATION/normalized[23]_i_12/O
                         net (fo=7, routed)           0.827     6.587    RECIPROCAL/SECOND_ITERATION/p_20_in
    SLICE_X3Y20          LUT6 (Prop_lut6_I5_O)        0.124     6.711 f  RECIPROCAL/SECOND_ITERATION/shift_delay_reg[1][1]_srl8_RECIPROCAL_SECOND_ITERATION_valid_delay_reg_c_3_i_14/O
                         net (fo=3, routed)           0.828     7.539    RECIPROCAL/SECOND_ITERATION/shift_delay_reg[1][1]_srl8_RECIPROCAL_SECOND_ITERATION_valid_delay_reg_c_3_i_14_n_0
    SLICE_X3Y19          LUT5 (Prop_lut5_I0_O)        0.124     7.663 f  RECIPROCAL/SECOND_ITERATION/shift_delay_reg[1][1]_srl8_RECIPROCAL_SECOND_ITERATION_valid_delay_reg_c_3_i_4/O
                         net (fo=28, routed)          1.967     9.630    RECIPROCAL/SECOND_ITERATION/w_clip[23]_1
    SLICE_X3Y16          LUT6 (Prop_lut6_I1_O)        0.124     9.754 r  RECIPROCAL/SECOND_ITERATION/normalized[19]_i_4/O
                         net (fo=41, routed)          1.711    11.466    RECIPROCAL/SECOND_ITERATION_n_4
    SLICE_X6Y17          LUT6 (Prop_lut6_I2_O)        0.124    11.590 r  RECIPROCAL/normalized[17]_i_3/O
                         net (fo=1, routed)           1.035    12.625    RECIPROCAL/normalized[17]_i_3_n_0
    SLICE_X8Y18          LUT5 (Prop_lut5_I2_O)        0.124    12.749 r  RECIPROCAL/normalized[17]_i_1/O
                         net (fo=1, routed)           0.000    12.749    RECIPROCAL/normalized[17]_i_1_n_0
    SLICE_X8Y18          FDCE                                         r  RECIPROCAL/normalized_reg[17]/D
  -------------------------------------------------------------------    -------------------

Slack:                    inf
  Source:                 w_clip[0]
                            (input port)
  Destination:            RECIPROCAL/normalized_reg[17]/D
  Path Group:             (none)
  Path Type:              Max at Slow Process Corner
  Data Path Delay:        12.749ns  (logic 3.252ns (25.507%)  route 9.497ns (74.493%))
  Logic Levels:           14  (CARRY4=6 IBUF=1 LUT1=1 LUT3=1 LUT5=2 LUT6=3)

    Location             Delay type                Incr(ns)  Path(ns)    Netlist Resource(s)
  -------------------------------------------------------------------    -------------------
    U11                                               0.000     0.000 f  w_clip[0] (IN)
                         net (fo=0)                   0.000     0.000    w_clip[0]
    U11                  IBUF (Prop_ibuf_I_O)         0.931     0.931 f  w_clip_IBUF[0]_inst/O
                         net (fo=12, routed)          2.129     3.060    RECIPROCAL/SECOND_ITERATION/w_clip_IBUF[0]
    SLICE_X4Y14          LUT1 (Prop_lut1_I0_O)        0.124     3.184 r  RECIPROCAL/SECOND_ITERATION/normalized[5]_i_4/O
                         net (fo=1, routed)           0.338     3.522    RECIPROCAL/SECOND_ITERATION/normalized[5]_i_4_n_0
    SLICE_X2Y14          CARRY4 (Prop_carry4_CYINIT_CO[3])
                                                      0.595     4.117 f  RECIPROCAL/SECOND_ITERATION/normalized_reg[5]_i_3/CO[3]
                         net (fo=1, routed)           0.000     4.117    RECIPROCAL/SECOND_ITERATION/normalized_reg[5]_i_3_n_0
    SLICE_X2Y15          CARRY4 (Prop_carry4_CI_CO[3])
                                                      0.117     4.234 r  RECIPROCAL/SECOND_ITERATION/normalized_reg[23]_i_35/CO[3]
                         net (fo=1, routed)           0.000     4.234    RECIPROCAL/SECOND_ITERATION/normalized_reg[23]_i_35_n_0
    SLICE_X2Y16          CARRY4 (Prop_carry4_CI_CO[3])
                                                      0.117     4.351 r  RECIPROCAL/SECOND_ITERATION/normalized_reg[23]_i_36/CO[3]
                         net (fo=1, routed)           0.000     4.351    RECIPROCAL/SECOND_ITERATION/normalized_reg[23]_i_36_n_0
    SLICE_X2Y17          CARRY4 (Prop_carry4_CI_CO[3])
                                                      0.117     4.468 r  RECIPROCAL/SECOND_ITERATION/normalized_reg[23]_i_33/CO[3]
                         net (fo=1, routed)           0.000     4.468    RECIPROCAL/SECOND_ITERATION/normalized_reg[23]_i_33_n_0
    SLICE_X2Y18          CARRY4 (Prop_carry4_CI_CO[3])
                                                      0.117     4.585 r  RECIPROCAL/SECOND_ITERATION/normalized_reg[23]_i_34/CO[3]
                         net (fo=1, routed)           0.000     4.585    RECIPROCAL/SECOND_ITERATION/normalized_reg[23]_i_34_n_0
    SLICE_X2Y19          CARRY4 (Prop_carry4_CI_O[0])
                                                      0.219     4.804 f  RECIPROCAL/SECOND_ITERATION/shift_delay_reg[1][1]_srl8_RECIPROCAL_SECOND_ITERATION_valid_delay_reg_c_3_i_15/O[0]
                         net (fo=1, routed)           0.661     5.465    RECIPROCAL/SECOND_ITERATION/shift_delay_reg[1][1]_srl8_RECIPROCAL_SECOND_ITERATION_valid_delay_reg_c_3_i_15_n_7
    SLICE_X3Y19          LUT3 (Prop_lut3_I0_O)        0.295     5.760 f  RECIPROCAL/SECOND_ITERATION/normalized[23]_i_12/O
                         net (fo=7, routed)           0.827     6.587    RECIPROCAL/SECOND_ITERATION/p_20_in
    SLICE_X3Y20          LUT6 (Prop_lut6_I5_O)        0.124     6.711 f  RECIPROCAL/SECOND_ITERATION/shift_delay_reg[1][1]_srl8_RECIPROCAL_SECOND_ITERATION_valid_delay_reg_c_3_i_14/O
                         net (fo=3, routed)           0.828     7.539    RECIPROCAL/SECOND_ITERATION/shift_delay_reg[1][1]_srl8_RECIPROCAL_SECOND_ITERATION_valid_delay_reg_c_3_i_14_n_0
    SLICE_X3Y19          LUT5 (Prop_lut5_I0_O)        0.124     7.663 f  RECIPROCAL/SECOND_ITERATION/shift_delay_reg[1][1]_srl8_RECIPROCAL_SECOND_ITERATION_valid_delay_reg_c_3_i_4/O
                         net (fo=28, routed)          1.967     9.630    RECIPROCAL/SECOND_ITERATION/w_clip[23]_1
    SLICE_X3Y16          LUT6 (Prop_lut6_I1_O)        0.124     9.754 r  RECIPROCAL/SECOND_ITERATION/normalized[19]_i_4/O
                         net (fo=41, routed)          1.711    11.466    RECIPROCAL/SECOND_ITERATION_n_4
    SLICE_X6Y17          LUT6 (Prop_lut6_I2_O)        0.124    11.590 r  RECIPROCAL/normalized[17]_i_3/O
                         net (fo=1, routed)           1.035    12.625    RECIPROCAL/normalized[17]_i_3_n_0
    SLICE_X8Y18          LUT5 (Prop_lut5_I2_O)        0.124    12.749 r  RECIPROCAL/normalized[17]_i_1/O
                         net (fo=1, routed)           0.000    12.749    RECIPROCAL/normalized[17]_i_1_n_0
    SLICE_X8Y18          FDCE                                         r  RECIPROCAL/normalized_reg[17]/D
  -------------------------------------------------------------------    -------------------

Slack:                    inf
  Source:                 w_clip[0]
                            (input port)
  Destination:            RECIPROCAL/normalized_reg[17]/D
  Path Group:             (none)
  Path Type:              Max at Slow Process Corner
  Data Path Delay:        12.749ns  (logic 3.252ns (25.507%)  route 9.497ns (74.493%))
  Logic Levels:           14  (CARRY4=6 IBUF=1 LUT1=1 LUT3=1 LUT5=2 LUT6=3)

    Location             Delay type                Incr(ns)  Path(ns)    Netlist Resource(s)
  -------------------------------------------------------------------    -------------------
    U11                                               0.000     0.000 f  w_clip[0] (IN)
                         net (fo=0)                   0.000     0.000    w_clip[0]
    U11                  IBUF (Prop_ibuf_I_O)         0.931     0.931 f  w_clip_IBUF[0]_inst/O
                         net (fo=12, routed)          2.129     3.060    RECIPROCAL/SECOND_ITERATION/w_clip_IBUF[0]
    SLICE_X4Y14          LUT1 (Prop_lut1_I0_O)        0.124     3.184 r  RECIPROCAL/SECOND_ITERATION/normalized[5]_i_4/O
                         net (fo=1, routed)           0.338     3.522    RECIPROCAL/SECOND_ITERATION/normalized[5]_i_4_n_0
    SLICE_X2Y14          CARRY4 (Prop_carry4_CYINIT_CO[3])
                                                      0.595     4.117 r  RECIPROCAL/SECOND_ITERATION/normalized_reg[5]_i_3/CO[3]
                         net (fo=1, routed)           0.000     4.117    RECIPROCAL/SECOND_ITERATION/normalized_reg[5]_i_3_n_0
    SLICE_X2Y15          CARRY4 (Prop_carry4_CI_CO[3])
                                                      0.117     4.234 r  RECIPROCAL/SECOND_ITERATION/normalized_reg[23]_i_35/CO[3]
                         net (fo=1, routed)           0.000     4.234    RECIPROCAL/SECOND_ITERATION/normalized_reg[23]_i_35_n_0
    SLICE_X2Y16          CARRY4 (Prop_carry4_CI_CO[3])
                                                      0.117     4.351 f  RECIPROCAL/SECOND_ITERATION/normalized_reg[23]_i_36/CO[3]
                         net (fo=1, routed)           0.000     4.351    RECIPROCAL/SECOND_ITERATION/normalized_reg[23]_i_36_n_0
    SLICE_X2Y17          CARRY4 (Prop_carry4_CI_CO[3])
                                                      0.117     4.468 r  RECIPROCAL/SECOND_ITERATION/normalized_reg[23]_i_33/CO[3]
                         net (fo=1, routed)           0.000     4.468    RECIPROCAL/SECOND_ITERATION/normalized_reg[23]_i_33_n_0
    SLICE_X2Y18          CARRY4 (Prop_carry4_CI_CO[3])
                                                      0.117     4.585 r  RECIPROCAL/SECOND_ITERATION/normalized_reg[23]_i_34/CO[3]
                         net (fo=1, routed)           0.000     4.585    RECIPROCAL/SECOND_ITERATION/normalized_reg[23]_i_34_n_0
    SLICE_X2Y19          CARRY4 (Prop_carry4_CI_O[0])
                                                      0.219     4.804 f  RECIPROCAL/SECOND_ITERATION/shift_delay_reg[1][1]_srl8_RECIPROCAL_SECOND_ITERATION_valid_delay_reg_c_3_i_15/O[0]
                         net (fo=1, routed)           0.661     5.465    RECIPROCAL/SECOND_ITERATION/shift_delay_reg[1][1]_srl8_RECIPROCAL_SECOND_ITERATION_valid_delay_reg_c_3_i_15_n_7
    SLICE_X3Y19          LUT3 (Prop_lut3_I0_O)        0.295     5.760 f  RECIPROCAL/SECOND_ITERATION/normalized[23]_i_12/O
                         net (fo=7, routed)           0.827     6.587    RECIPROCAL/SECOND_ITERATION/p_20_in
    SLICE_X3Y20          LUT6 (Prop_lut6_I5_O)        0.124     6.711 f  RECIPROCAL/SECOND_ITERATION/shift_delay_reg[1][1]_srl8_RECIPROCAL_SECOND_ITERATION_valid_delay_reg_c_3_i_14/O
                         net (fo=3, routed)           0.828     7.539    RECIPROCAL/SECOND_ITERATION/shift_delay_reg[1][1]_srl8_RECIPROCAL_SECOND_ITERATION_valid_delay_reg_c_3_i_14_n_0
    SLICE_X3Y19          LUT5 (Prop_lut5_I0_O)        0.124     7.663 f  RECIPROCAL/SECOND_ITERATION/shift_delay_reg[1][1]_srl8_RECIPROCAL_SECOND_ITERATION_valid_delay_reg_c_3_i_4/O
                         net (fo=28, routed)          1.967     9.630    RECIPROCAL/SECOND_ITERATION/w_clip[23]_1
    SLICE_X3Y16          LUT6 (Prop_lut6_I1_O)        0.124     9.754 r  RECIPROCAL/SECOND_ITERATION/normalized[19]_i_4/O
                         net (fo=41, routed)          1.711    11.466    RECIPROCAL/SECOND_ITERATION_n_4
    SLICE_X6Y17          LUT6 (Prop_lut6_I2_O)        0.124    11.590 r  RECIPROCAL/normalized[17]_i_3/O
                         net (fo=1, routed)           1.035    12.625    RECIPROCAL/normalized[17]_i_3_n_0
    SLICE_X8Y18          LUT5 (Prop_lut5_I2_O)        0.124    12.749 r  RECIPROCAL/normalized[17]_i_1/O
                         net (fo=1, routed)           0.000    12.749    RECIPROCAL/normalized[17]_i_1_n_0
    SLICE_X8Y18          FDCE                                         r  RECIPROCAL/normalized_reg[17]/D
  -------------------------------------------------------------------    -------------------

Slack:                    inf
  Source:                 w_clip[0]
                            (input port)
  Destination:            RECIPROCAL/normalized_reg[17]/D
  Path Group:             (none)
  Path Type:              Max at Slow Process Corner
  Data Path Delay:        12.749ns  (logic 3.252ns (25.507%)  route 9.497ns (74.493%))
  Logic Levels:           14  (CARRY4=6 IBUF=1 LUT1=1 LUT3=1 LUT5=2 LUT6=3)

    Location             Delay type                Incr(ns)  Path(ns)    Netlist Resource(s)
  -------------------------------------------------------------------    -------------------
    U11                                               0.000     0.000 f  w_clip[0] (IN)
                         net (fo=0)                   0.000     0.000    w_clip[0]
    U11                  IBUF (Prop_ibuf_I_O)         0.931     0.931 f  w_clip_IBUF[0]_inst/O
                         net (fo=12, routed)          2.129     3.060    RECIPROCAL/SECOND_ITERATION/w_clip_IBUF[0]
    SLICE_X4Y14          LUT1 (Prop_lut1_I0_O)        0.124     3.184 r  RECIPROCAL/SECOND_ITERATION/normalized[5]_i_4/O
                         net (fo=1, routed)           0.338     3.522    RECIPROCAL/SECOND_ITERATION/normalized[5]_i_4_n_0
    SLICE_X2Y14          CARRY4 (Prop_carry4_CYINIT_CO[3])
                                                      0.595     4.117 f  RECIPROCAL/SECOND_ITERATION/normalized_reg[5]_i_3/CO[3]
                         net (fo=1, routed)           0.000     4.117    RECIPROCAL/SECOND_ITERATION/normalized_reg[5]_i_3_n_0
    SLICE_X2Y15          CARRY4 (Prop_carry4_CI_CO[3])
                                                      0.117     4.234 r  RECIPROCAL/SECOND_ITERATION/normalized_reg[23]_i_35/CO[3]
                         net (fo=1, routed)           0.000     4.234    RECIPROCAL/SECOND_ITERATION/normalized_reg[23]_i_35_n_0
    SLICE_X2Y16          CARRY4 (Prop_carry4_CI_CO[3])
                                                      0.117     4.351 f  RECIPROCAL/SECOND_ITERATION/normalized_reg[23]_i_36/CO[3]
                         net (fo=1, routed)           0.000     4.351    RECIPROCAL/SECOND_ITERATION/normalized_reg[23]_i_36_n_0
    SLICE_X2Y17          CARRY4 (Prop_carry4_CI_CO[3])
                                                      0.117     4.468 r  RECIPROCAL/SECOND_ITERATION/normalized_reg[23]_i_33/CO[3]
                         net (fo=1, routed)           0.000     4.468    RECIPROCAL/SECOND_ITERATION/normalized_reg[23]_i_33_n_0
    SLICE_X2Y18          CARRY4 (Prop_carry4_CI_CO[3])
                                                      0.117     4.585 r  RECIPROCAL/SECOND_ITERATION/normalized_reg[23]_i_34/CO[3]
                         net (fo=1, routed)           0.000     4.585    RECIPROCAL/SECOND_ITERATION/normalized_reg[23]_i_34_n_0
    SLICE_X2Y19          CARRY4 (Prop_carry4_CI_O[0])
                                                      0.219     4.804 f  RECIPROCAL/SECOND_ITERATION/shift_delay_reg[1][1]_srl8_RECIPROCAL_SECOND_ITERATION_valid_delay_reg_c_3_i_15/O[0]
                         net (fo=1, routed)           0.661     5.465    RECIPROCAL/SECOND_ITERATION/shift_delay_reg[1][1]_srl8_RECIPROCAL_SECOND_ITERATION_valid_delay_reg_c_3_i_15_n_7
    SLICE_X3Y19          LUT3 (Prop_lut3_I0_O)        0.295     5.760 f  RECIPROCAL/SECOND_ITERATION/normalized[23]_i_12/O
                         net (fo=7, routed)           0.827     6.587    RECIPROCAL/SECOND_ITERATION/p_20_in
    SLICE_X3Y20          LUT6 (Prop_lut6_I5_O)        0.124     6.711 f  RECIPROCAL/SECOND_ITERATION/shift_delay_reg[1][1]_srl8_RECIPROCAL_SECOND_ITERATION_valid_delay_reg_c_3_i_14/O
                         net (fo=3, routed)           0.828     7.539    RECIPROCAL/SECOND_ITERATION/shift_delay_reg[1][1]_srl8_RECIPROCAL_SECOND_ITERATION_valid_delay_reg_c_3_i_14_n_0
    SLICE_X3Y19          LUT5 (Prop_lut5_I0_O)        0.124     7.663 f  RECIPROCAL/SECOND_ITERATION/shift_delay_reg[1][1]_srl8_RECIPROCAL_SECOND_ITERATION_valid_delay_reg_c_3_i_4/O
                         net (fo=28, routed)          1.967     9.630    RECIPROCAL/SECOND_ITERATION/w_clip[23]_1
    SLICE_X3Y16          LUT6 (Prop_lut6_I1_O)        0.124     9.754 r  RECIPROCAL/SECOND_ITERATION/normalized[19]_i_4/O
                         net (fo=41, routed)          1.711    11.466    RECIPROCAL/SECOND_ITERATION_n_4
    SLICE_X6Y17          LUT6 (Prop_lut6_I2_O)        0.124    11.590 r  RECIPROCAL/normalized[17]_i_3/O
                         net (fo=1, routed)           1.035    12.625    RECIPROCAL/normalized[17]_i_3_n_0
    SLICE_X8Y18          LUT5 (Prop_lut5_I2_O)        0.124    12.749 r  RECIPROCAL/normalized[17]_i_1/O
                         net (fo=1, routed)           0.000    12.749    RECIPROCAL/normalized[17]_i_1_n_0
    SLICE_X8Y18          FDCE                                         r  RECIPROCAL/normalized_reg[17]/D
  -------------------------------------------------------------------    -------------------

Slack:                    inf
  Source:                 w_clip[0]
                            (input port)
  Destination:            RECIPROCAL/normalized_reg[17]/D
  Path Group:             (none)
  Path Type:              Max at Slow Process Corner
  Data Path Delay:        12.749ns  (logic 3.252ns (25.507%)  route 9.497ns (74.493%))
  Logic Levels:           14  (CARRY4=6 IBUF=1 LUT1=1 LUT3=1 LUT5=2 LUT6=3)

    Location             Delay type                Incr(ns)  Path(ns)    Netlist Resource(s)
  -------------------------------------------------------------------    -------------------
    U11                                               0.000     0.000 f  w_clip[0] (IN)
                         net (fo=0)                   0.000     0.000    w_clip[0]
    U11                  IBUF (Prop_ibuf_I_O)         0.931     0.931 f  w_clip_IBUF[0]_inst/O
                         net (fo=12, routed)          2.129     3.060    RECIPROCAL/SECOND_ITERATION/w_clip_IBUF[0]
    SLICE_X4Y14          LUT1 (Prop_lut1_I0_O)        0.124     3.184 r  RECIPROCAL/SECOND_ITERATION/normalized[5]_i_4/O
                         net (fo=1, routed)           0.338     3.522    RECIPROCAL/SECOND_ITERATION/normalized[5]_i_4_n_0
    SLICE_X2Y14          CARRY4 (Prop_carry4_CYINIT_CO[3])
                                                      0.595     4.117 r  RECIPROCAL/SECOND_ITERATION/normalized_reg[5]_i_3/CO[3]
                         net (fo=1, routed)           0.000     4.117    RECIPROCAL/SECOND_ITERATION/normalized_reg[5]_i_3_n_0
    SLICE_X2Y15          CARRY4 (Prop_carry4_CI_CO[3])
                                                      0.117     4.234 r  RECIPROCAL/SECOND_ITERATION/normalized_reg[23]_i_35/CO[3]
                         net (fo=1, routed)           0.000     4.234    RECIPROCAL/SECOND_ITERATION/normalized_reg[23]_i_35_n_0
    SLICE_X2Y16          CARRY4 (Prop_carry4_CI_CO[3])
                                                      0.117     4.351 r  RECIPROCAL/SECOND_ITERATION/normalized_reg[23]_i_36/CO[3]
                         net (fo=1, routed)           0.000     4.351    RECIPROCAL/SECOND_ITERATION/normalized_reg[23]_i_36_n_0
    SLICE_X2Y17          CARRY4 (Prop_carry4_CI_CO[3])
                                                      0.117     4.468 f  RECIPROCAL/SECOND_ITERATION/normalized_reg[23]_i_33/CO[3]
                         net (fo=1, routed)           0.000     4.468    RECIPROCAL/SECOND_ITERATION/normalized_reg[23]_i_33_n_0
    SLICE_X2Y18          CARRY4 (Prop_carry4_CI_CO[3])
                                                      0.117     4.585 r  RECIPROCAL/SECOND_ITERATION/normalized_reg[23]_i_34/CO[3]
                         net (fo=1, routed)           0.000     4.585    RECIPROCAL/SECOND_ITERATION/normalized_reg[23]_i_34_n_0
    SLICE_X2Y19          CARRY4 (Prop_carry4_CI_O[0])
                                                      0.219     4.804 f  RECIPROCAL/SECOND_ITERATION/shift_delay_reg[1][1]_srl8_RECIPROCAL_SECOND_ITERATION_valid_delay_reg_c_3_i_15/O[0]
                         net (fo=1, routed)           0.661     5.465    RECIPROCAL/SECOND_ITERATION/shift_delay_reg[1][1]_srl8_RECIPROCAL_SECOND_ITERATION_valid_delay_reg_c_3_i_15_n_7
    SLICE_X3Y19          LUT3 (Prop_lut3_I0_O)        0.295     5.760 f  RECIPROCAL/SECOND_ITERATION/normalized[23]_i_12/O
                         net (fo=7, routed)           0.827     6.587    RECIPROCAL/SECOND_ITERATION/p_20_in
    SLICE_X3Y20          LUT6 (Prop_lut6_I5_O)        0.124     6.711 f  RECIPROCAL/SECOND_ITERATION/shift_delay_reg[1][1]_srl8_RECIPROCAL_SECOND_ITERATION_valid_delay_reg_c_3_i_14/O
                         net (fo=3, routed)           0.828     7.539    RECIPROCAL/SECOND_ITERATION/shift_delay_reg[1][1]_srl8_RECIPROCAL_SECOND_ITERATION_valid_delay_reg_c_3_i_14_n_0
    SLICE_X3Y19          LUT5 (Prop_lut5_I0_O)        0.124     7.663 f  RECIPROCAL/SECOND_ITERATION/shift_delay_reg[1][1]_srl8_RECIPROCAL_SECOND_ITERATION_valid_delay_reg_c_3_i_4/O
                         net (fo=28, routed)          1.967     9.630    RECIPROCAL/SECOND_ITERATION/w_clip[23]_1
    SLICE_X3Y16          LUT6 (Prop_lut6_I1_O)        0.124     9.754 r  RECIPROCAL/SECOND_ITERATION/normalized[19]_i_4/O
                         net (fo=41, routed)          1.711    11.466    RECIPROCAL/SECOND_ITERATION_n_4
    SLICE_X6Y17          LUT6 (Prop_lut6_I2_O)        0.124    11.590 r  RECIPROCAL/normalized[17]_i_3/O
                         net (fo=1, routed)           1.035    12.625    RECIPROCAL/normalized[17]_i_3_n_0
    SLICE_X8Y18          LUT5 (Prop_lut5_I2_O)        0.124    12.749 r  RECIPROCAL/normalized[17]_i_1/O
                         net (fo=1, routed)           0.000    12.749    RECIPROCAL/normalized[17]_i_1_n_0
    SLICE_X8Y18          FDCE                                         r  RECIPROCAL/normalized_reg[17]/D
  -------------------------------------------------------------------    -------------------

Slack:                    inf
  Source:                 w_clip[0]
                            (input port)
  Destination:            RECIPROCAL/normalized_reg[17]/D
  Path Group:             (none)
  Path Type:              Max at Slow Process Corner
  Data Path Delay:        12.749ns  (logic 3.252ns (25.507%)  route 9.497ns (74.493%))
  Logic Levels:           14  (CARRY4=6 IBUF=1 LUT1=1 LUT3=1 LUT5=2 LUT6=3)

    Location             Delay type                Incr(ns)  Path(ns)    Netlist Resource(s)
  -------------------------------------------------------------------    -------------------
    U11                                               0.000     0.000 f  w_clip[0] (IN)
                         net (fo=0)                   0.000     0.000    w_clip[0]
    U11                  IBUF (Prop_ibuf_I_O)         0.931     0.931 f  w_clip_IBUF[0]_inst/O
                         net (fo=12, routed)          2.129     3.060    RECIPROCAL/SECOND_ITERATION/w_clip_IBUF[0]
    SLICE_X4Y14          LUT1 (Prop_lut1_I0_O)        0.124     3.184 r  RECIPROCAL/SECOND_ITERATION/normalized[5]_i_4/O
                         net (fo=1, routed)           0.338     3.522    RECIPROCAL/SECOND_ITERATION/normalized[5]_i_4_n_0
    SLICE_X2Y14          CARRY4 (Prop_carry4_CYINIT_CO[3])
                                                      0.595     4.117 f  RECIPROCAL/SECOND_ITERATION/normalized_reg[5]_i_3/CO[3]
                         net (fo=1, routed)           0.000     4.117    RECIPROCAL/SECOND_ITERATION/normalized_reg[5]_i_3_n_0
    SLICE_X2Y15          CARRY4 (Prop_carry4_CI_CO[3])
                                                      0.117     4.234 r  RECIPROCAL/SECOND_ITERATION/normalized_reg[23]_i_35/CO[3]
                         net (fo=1, routed)           0.000     4.234    RECIPROCAL/SECOND_ITERATION/normalized_reg[23]_i_35_n_0
    SLICE_X2Y16          CARRY4 (Prop_carry4_CI_CO[3])
                                                      0.117     4.351 r  RECIPROCAL/SECOND_ITERATION/normalized_reg[23]_i_36/CO[3]
                         net (fo=1, routed)           0.000     4.351    RECIPROCAL/SECOND_ITERATION/normalized_reg[23]_i_36_n_0
    SLICE_X2Y17          CARRY4 (Prop_carry4_CI_CO[3])
                                                      0.117     4.468 f  RECIPROCAL/SECOND_ITERATION/normalized_reg[23]_i_33/CO[3]
                         net (fo=1, routed)           0.000     4.468    RECIPROCAL/SECOND_ITERATION/normalized_reg[23]_i_33_n_0
    SLICE_X2Y18          CARRY4 (Prop_carry4_CI_CO[3])
                                                      0.117     4.585 r  RECIPROCAL/SECOND_ITERATION/normalized_reg[23]_i_34/CO[3]
                         net (fo=1, routed)           0.000     4.585    RECIPROCAL/SECOND_ITERATION/normalized_reg[23]_i_34_n_0
    SLICE_X2Y19          CARRY4 (Prop_carry4_CI_O[0])
                                                      0.219     4.804 f  RECIPROCAL/SECOND_ITERATION/shift_delay_reg[1][1]_srl8_RECIPROCAL_SECOND_ITERATION_valid_delay_reg_c_3_i_15/O[0]
                         net (fo=1, routed)           0.661     5.465    RECIPROCAL/SECOND_ITERATION/shift_delay_reg[1][1]_srl8_RECIPROCAL_SECOND_ITERATION_valid_delay_reg_c_3_i_15_n_7
    SLICE_X3Y19          LUT3 (Prop_lut3_I0_O)        0.295     5.760 f  RECIPROCAL/SECOND_ITERATION/normalized[23]_i_12/O
                         net (fo=7, routed)           0.827     6.587    RECIPROCAL/SECOND_ITERATION/p_20_in
    SLICE_X3Y20          LUT6 (Prop_lut6_I5_O)        0.124     6.711 f  RECIPROCAL/SECOND_ITERATION/shift_delay_reg[1][1]_srl8_RECIPROCAL_SECOND_ITERATION_valid_delay_reg_c_3_i_14/O
                         net (fo=3, routed)           0.828     7.539    RECIPROCAL/SECOND_ITERATION/shift_delay_reg[1][1]_srl8_RECIPROCAL_SECOND_ITERATION_valid_delay_reg_c_3_i_14_n_0
    SLICE_X3Y19          LUT5 (Prop_lut5_I0_O)        0.124     7.663 f  RECIPROCAL/SECOND_ITERATION/shift_delay_reg[1][1]_srl8_RECIPROCAL_SECOND_ITERATION_valid_delay_reg_c_3_i_4/O
                         net (fo=28, routed)          1.967     9.630    RECIPROCAL/SECOND_ITERATION/w_clip[23]_1
    SLICE_X3Y16          LUT6 (Prop_lut6_I1_O)        0.124     9.754 r  RECIPROCAL/SECOND_ITERATION/normalized[19]_i_4/O
                         net (fo=41, routed)          1.711    11.466    RECIPROCAL/SECOND_ITERATION_n_4
    SLICE_X6Y17          LUT6 (Prop_lut6_I2_O)        0.124    11.590 r  RECIPROCAL/normalized[17]_i_3/O
                         net (fo=1, routed)           1.035    12.625    RECIPROCAL/normalized[17]_i_3_n_0
    SLICE_X8Y18          LUT5 (Prop_lut5_I2_O)        0.124    12.749 r  RECIPROCAL/normalized[17]_i_1/O
                         net (fo=1, routed)           0.000    12.749    RECIPROCAL/normalized[17]_i_1_n_0
    SLICE_X8Y18          FDCE                                         r  RECIPROCAL/normalized_reg[17]/D
  -------------------------------------------------------------------    -------------------

Slack:                    inf
  Source:                 w_clip[0]
                            (input port)
  Destination:            RECIPROCAL/normalized_reg[17]/D
  Path Group:             (none)
  Path Type:              Max at Slow Process Corner
  Data Path Delay:        12.749ns  (logic 3.252ns (25.507%)  route 9.497ns (74.493%))
  Logic Levels:           14  (CARRY4=6 IBUF=1 LUT1=1 LUT3=1 LUT5=2 LUT6=3)

    Location             Delay type                Incr(ns)  Path(ns)    Netlist Resource(s)
  -------------------------------------------------------------------    -------------------
    U11                                               0.000     0.000 f  w_clip[0] (IN)
                         net (fo=0)                   0.000     0.000    w_clip[0]
    U11                  IBUF (Prop_ibuf_I_O)         0.931     0.931 f  w_clip_IBUF[0]_inst/O
                         net (fo=12, routed)          2.129     3.060    RECIPROCAL/SECOND_ITERATION/w_clip_IBUF[0]
    SLICE_X4Y14          LUT1 (Prop_lut1_I0_O)        0.124     3.184 r  RECIPROCAL/SECOND_ITERATION/normalized[5]_i_4/O
                         net (fo=1, routed)           0.338     3.522    RECIPROCAL/SECOND_ITERATION/normalized[5]_i_4_n_0
    SLICE_X2Y14          CARRY4 (Prop_carry4_CYINIT_CO[3])
                                                      0.595     4.117 r  RECIPROCAL/SECOND_ITERATION/normalized_reg[5]_i_3/CO[3]
                         net (fo=1, routed)           0.000     4.117    RECIPROCAL/SECOND_ITERATION/normalized_reg[5]_i_3_n_0
    SLICE_X2Y15          CARRY4 (Prop_carry4_CI_CO[3])
                                                      0.117     4.234 r  RECIPROCAL/SECOND_ITERATION/normalized_reg[23]_i_35/CO[3]
                         net (fo=1, routed)           0.000     4.234    RECIPROCAL/SECOND_ITERATION/normalized_reg[23]_i_35_n_0
    SLICE_X2Y16          CARRY4 (Prop_carry4_CI_CO[3])
                                                      0.117     4.351 f  RECIPROCAL/SECOND_ITERATION/normalized_reg[23]_i_36/CO[3]
                         net (fo=1, routed)           0.000     4.351    RECIPROCAL/SECOND_ITERATION/normalized_reg[23]_i_36_n_0
    SLICE_X2Y17          CARRY4 (Prop_carry4_CI_CO[3])
                                                      0.117     4.468 f  RECIPROCAL/SECOND_ITERATION/normalized_reg[23]_i_33/CO[3]
                         net (fo=1, routed)           0.000     4.468    RECIPROCAL/SECOND_ITERATION/normalized_reg[23]_i_33_n_0
    SLICE_X2Y18          CARRY4 (Prop_carry4_CI_CO[3])
                                                      0.117     4.585 r  RECIPROCAL/SECOND_ITERATION/normalized_reg[23]_i_34/CO[3]
                         net (fo=1, routed)           0.000     4.585    RECIPROCAL/SECOND_ITERATION/normalized_reg[23]_i_34_n_0
    SLICE_X2Y19          CARRY4 (Prop_carry4_CI_O[0])
                                                      0.219     4.804 f  RECIPROCAL/SECOND_ITERATION/shift_delay_reg[1][1]_srl8_RECIPROCAL_SECOND_ITERATION_valid_delay_reg_c_3_i_15/O[0]
                         net (fo=1, routed)           0.661     5.465    RECIPROCAL/SECOND_ITERATION/shift_delay_reg[1][1]_srl8_RECIPROCAL_SECOND_ITERATION_valid_delay_reg_c_3_i_15_n_7
    SLICE_X3Y19          LUT3 (Prop_lut3_I0_O)        0.295     5.760 f  RECIPROCAL/SECOND_ITERATION/normalized[23]_i_12/O
                         net (fo=7, routed)           0.827     6.587    RECIPROCAL/SECOND_ITERATION/p_20_in
    SLICE_X3Y20          LUT6 (Prop_lut6_I5_O)        0.124     6.711 f  RECIPROCAL/SECOND_ITERATION/shift_delay_reg[1][1]_srl8_RECIPROCAL_SECOND_ITERATION_valid_delay_reg_c_3_i_14/O
                         net (fo=3, routed)           0.828     7.539    RECIPROCAL/SECOND_ITERATION/shift_delay_reg[1][1]_srl8_RECIPROCAL_SECOND_ITERATION_valid_delay_reg_c_3_i_14_n_0
    SLICE_X3Y19          LUT5 (Prop_lut5_I0_O)        0.124     7.663 f  RECIPROCAL/SECOND_ITERATION/shift_delay_reg[1][1]_srl8_RECIPROCAL_SECOND_ITERATION_valid_delay_reg_c_3_i_4/O
                         net (fo=28, routed)          1.967     9.630    RECIPROCAL/SECOND_ITERATION/w_clip[23]_1
    SLICE_X3Y16          LUT6 (Prop_lut6_I1_O)        0.124     9.754 r  RECIPROCAL/SECOND_ITERATION/normalized[19]_i_4/O
                         net (fo=41, routed)          1.711    11.466    RECIPROCAL/SECOND_ITERATION_n_4
    SLICE_X6Y17          LUT6 (Prop_lut6_I2_O)        0.124    11.590 r  RECIPROCAL/normalized[17]_i_3/O
                         net (fo=1, routed)           1.035    12.625    RECIPROCAL/normalized[17]_i_3_n_0
    SLICE_X8Y18          LUT5 (Prop_lut5_I2_O)        0.124    12.749 r  RECIPROCAL/normalized[17]_i_1/O
                         net (fo=1, routed)           0.000    12.749    RECIPROCAL/normalized[17]_i_1_n_0
    SLICE_X8Y18          FDCE                                         r  RECIPROCAL/normalized_reg[17]/D
  -------------------------------------------------------------------    -------------------

Slack:                    inf
  Source:                 w_clip[0]
                            (input port)
  Destination:            RECIPROCAL/normalized_reg[17]/D
  Path Group:             (none)
  Path Type:              Max at Slow Process Corner
  Data Path Delay:        12.749ns  (logic 3.252ns (25.507%)  route 9.497ns (74.493%))
  Logic Levels:           14  (CARRY4=6 IBUF=1 LUT1=1 LUT3=1 LUT5=2 LUT6=3)

    Location             Delay type                Incr(ns)  Path(ns)    Netlist Resource(s)
  -------------------------------------------------------------------    -------------------
    U11                                               0.000     0.000 f  w_clip[0] (IN)
                         net (fo=0)                   0.000     0.000    w_clip[0]
    U11                  IBUF (Prop_ibuf_I_O)         0.931     0.931 f  w_clip_IBUF[0]_inst/O
                         net (fo=12, routed)          2.129     3.060    RECIPROCAL/SECOND_ITERATION/w_clip_IBUF[0]
    SLICE_X4Y14          LUT1 (Prop_lut1_I0_O)        0.124     3.184 r  RECIPROCAL/SECOND_ITERATION/normalized[5]_i_4/O
                         net (fo=1, routed)           0.338     3.522    RECIPROCAL/SECOND_ITERATION/normalized[5]_i_4_n_0
    SLICE_X2Y14          CARRY4 (Prop_carry4_CYINIT_CO[3])
                                                      0.595     4.117 f  RECIPROCAL/SECOND_ITERATION/normalized_reg[5]_i_3/CO[3]
                         net (fo=1, routed)           0.000     4.117    RECIPROCAL/SECOND_ITERATION/normalized_reg[5]_i_3_n_0
    SLICE_X2Y15          CARRY4 (Prop_carry4_CI_CO[3])
                                                      0.117     4.234 r  RECIPROCAL/SECOND_ITERATION/normalized_reg[23]_i_35/CO[3]
                         net (fo=1, routed)           0.000     4.234    RECIPROCAL/SECOND_ITERATION/normalized_reg[23]_i_35_n_0
    SLICE_X2Y16          CARRY4 (Prop_carry4_CI_CO[3])
                                                      0.117     4.351 f  RECIPROCAL/SECOND_ITERATION/normalized_reg[23]_i_36/CO[3]
                         net (fo=1, routed)           0.000     4.351    RECIPROCAL/SECOND_ITERATION/normalized_reg[23]_i_36_n_0
    SLICE_X2Y17          CARRY4 (Prop_carry4_CI_CO[3])
                                                      0.117     4.468 f  RECIPROCAL/SECOND_ITERATION/normalized_reg[23]_i_33/CO[3]
                         net (fo=1, routed)           0.000     4.468    RECIPROCAL/SECOND_ITERATION/normalized_reg[23]_i_33_n_0
    SLICE_X2Y18          CARRY4 (Prop_carry4_CI_CO[3])
                                                      0.117     4.585 r  RECIPROCAL/SECOND_ITERATION/normalized_reg[23]_i_34/CO[3]
                         net (fo=1, routed)           0.000     4.585    RECIPROCAL/SECOND_ITERATION/normalized_reg[23]_i_34_n_0
    SLICE_X2Y19          CARRY4 (Prop_carry4_CI_O[0])
                                                      0.219     4.804 f  RECIPROCAL/SECOND_ITERATION/shift_delay_reg[1][1]_srl8_RECIPROCAL_SECOND_ITERATION_valid_delay_reg_c_3_i_15/O[0]
                         net (fo=1, routed)           0.661     5.465    RECIPROCAL/SECOND_ITERATION/shift_delay_reg[1][1]_srl8_RECIPROCAL_SECOND_ITERATION_valid_delay_reg_c_3_i_15_n_7
    SLICE_X3Y19          LUT3 (Prop_lut3_I0_O)        0.295     5.760 f  RECIPROCAL/SECOND_ITERATION/normalized[23]_i_12/O
                         net (fo=7, routed)           0.827     6.587    RECIPROCAL/SECOND_ITERATION/p_20_in
    SLICE_X3Y20          LUT6 (Prop_lut6_I5_O)        0.124     6.711 f  RECIPROCAL/SECOND_ITERATION/shift_delay_reg[1][1]_srl8_RECIPROCAL_SECOND_ITERATION_valid_delay_reg_c_3_i_14/O
                         net (fo=3, routed)           0.828     7.539    RECIPROCAL/SECOND_ITERATION/shift_delay_reg[1][1]_srl8_RECIPROCAL_SECOND_ITERATION_valid_delay_reg_c_3_i_14_n_0
    SLICE_X3Y19          LUT5 (Prop_lut5_I0_O)        0.124     7.663 f  RECIPROCAL/SECOND_ITERATION/shift_delay_reg[1][1]_srl8_RECIPROCAL_SECOND_ITERATION_valid_delay_reg_c_3_i_4/O
                         net (fo=28, routed)          1.967     9.630    RECIPROCAL/SECOND_ITERATION/w_clip[23]_1
    SLICE_X3Y16          LUT6 (Prop_lut6_I1_O)        0.124     9.754 r  RECIPROCAL/SECOND_ITERATION/normalized[19]_i_4/O
                         net (fo=41, routed)          1.711    11.466    RECIPROCAL/SECOND_ITERATION_n_4
    SLICE_X6Y17          LUT6 (Prop_lut6_I2_O)        0.124    11.590 r  RECIPROCAL/normalized[17]_i_3/O
                         net (fo=1, routed)           1.035    12.625    RECIPROCAL/normalized[17]_i_3_n_0
    SLICE_X8Y18          LUT5 (Prop_lut5_I2_O)        0.124    12.749 r  RECIPROCAL/normalized[17]_i_1/O
                         net (fo=1, routed)           0.000    12.749    RECIPROCAL/normalized[17]_i_1_n_0
    SLICE_X8Y18          FDCE                                         r  RECIPROCAL/normalized_reg[17]/D
  -------------------------------------------------------------------    -------------------

Slack:                    inf
  Source:                 w_clip[0]
                            (input port)
  Destination:            RECIPROCAL/normalized_reg[17]/D
  Path Group:             (none)
  Path Type:              Max at Slow Process Corner
  Data Path Delay:        12.749ns  (logic 3.252ns (25.507%)  route 9.497ns (74.493%))
  Logic Levels:           14  (CARRY4=6 IBUF=1 LUT1=1 LUT3=1 LUT5=2 LUT6=3)

    Location             Delay type                Incr(ns)  Path(ns)    Netlist Resource(s)
  -------------------------------------------------------------------    -------------------
    U11                                               0.000     0.000 f  w_clip[0] (IN)
                         net (fo=0)                   0.000     0.000    w_clip[0]
    U11                  IBUF (Prop_ibuf_I_O)         0.931     0.931 f  w_clip_IBUF[0]_inst/O
                         net (fo=12, routed)          2.129     3.060    RECIPROCAL/SECOND_ITERATION/w_clip_IBUF[0]
    SLICE_X4Y14          LUT1 (Prop_lut1_I0_O)        0.124     3.184 r  RECIPROCAL/SECOND_ITERATION/normalized[5]_i_4/O
                         net (fo=1, routed)           0.338     3.522    RECIPROCAL/SECOND_ITERATION/normalized[5]_i_4_n_0
    SLICE_X2Y14          CARRY4 (Prop_carry4_CYINIT_CO[3])
                                                      0.595     4.117 r  RECIPROCAL/SECOND_ITERATION/normalized_reg[5]_i_3/CO[3]
                         net (fo=1, routed)           0.000     4.117    RECIPROCAL/SECOND_ITERATION/normalized_reg[5]_i_3_n_0
    SLICE_X2Y15          CARRY4 (Prop_carry4_CI_CO[3])
                                                      0.117     4.234 f  RECIPROCAL/SECOND_ITERATION/normalized_reg[23]_i_35/CO[3]
                         net (fo=1, routed)           0.000     4.234    RECIPROCAL/SECOND_ITERATION/normalized_reg[23]_i_35_n_0
    SLICE_X2Y16          CARRY4 (Prop_carry4_CI_CO[3])
                                                      0.117     4.351 f  RECIPROCAL/SECOND_ITERATION/normalized_reg[23]_i_36/CO[3]
                         net (fo=1, routed)           0.000     4.351    RECIPROCAL/SECOND_ITERATION/normalized_reg[23]_i_36_n_0
    SLICE_X2Y17          CARRY4 (Prop_carry4_CI_CO[3])
                                                      0.117     4.468 f  RECIPROCAL/SECOND_ITERATION/normalized_reg[23]_i_33/CO[3]
                         net (fo=1, routed)           0.000     4.468    RECIPROCAL/SECOND_ITERATION/normalized_reg[23]_i_33_n_0
    SLICE_X2Y18          CARRY4 (Prop_carry4_CI_CO[3])
                                                      0.117     4.585 r  RECIPROCAL/SECOND_ITERATION/normalized_reg[23]_i_34/CO[3]
                         net (fo=1, routed)           0.000     4.585    RECIPROCAL/SECOND_ITERATION/normalized_reg[23]_i_34_n_0
    SLICE_X2Y19          CARRY4 (Prop_carry4_CI_O[0])
                                                      0.219     4.804 f  RECIPROCAL/SECOND_ITERATION/shift_delay_reg[1][1]_srl8_RECIPROCAL_SECOND_ITERATION_valid_delay_reg_c_3_i_15/O[0]
                         net (fo=1, routed)           0.661     5.465    RECIPROCAL/SECOND_ITERATION/shift_delay_reg[1][1]_srl8_RECIPROCAL_SECOND_ITERATION_valid_delay_reg_c_3_i_15_n_7
    SLICE_X3Y19          LUT3 (Prop_lut3_I0_O)        0.295     5.760 f  RECIPROCAL/SECOND_ITERATION/normalized[23]_i_12/O
                         net (fo=7, routed)           0.827     6.587    RECIPROCAL/SECOND_ITERATION/p_20_in
    SLICE_X3Y20          LUT6 (Prop_lut6_I5_O)        0.124     6.711 f  RECIPROCAL/SECOND_ITERATION/shift_delay_reg[1][1]_srl8_RECIPROCAL_SECOND_ITERATION_valid_delay_reg_c_3_i_14/O
                         net (fo=3, routed)           0.828     7.539    RECIPROCAL/SECOND_ITERATION/shift_delay_reg[1][1]_srl8_RECIPROCAL_SECOND_ITERATION_valid_delay_reg_c_3_i_14_n_0
    SLICE_X3Y19          LUT5 (Prop_lut5_I0_O)        0.124     7.663 f  RECIPROCAL/SECOND_ITERATION/shift_delay_reg[1][1]_srl8_RECIPROCAL_SECOND_ITERATION_valid_delay_reg_c_3_i_4/O
                         net (fo=28, routed)          1.967     9.630    RECIPROCAL/SECOND_ITERATION/w_clip[23]_1
    SLICE_X3Y16          LUT6 (Prop_lut6_I1_O)        0.124     9.754 r  RECIPROCAL/SECOND_ITERATION/normalized[19]_i_4/O
                         net (fo=41, routed)          1.711    11.466    RECIPROCAL/SECOND_ITERATION_n_4
    SLICE_X6Y17          LUT6 (Prop_lut6_I2_O)        0.124    11.590 r  RECIPROCAL/normalized[17]_i_3/O
                         net (fo=1, routed)           1.035    12.625    RECIPROCAL/normalized[17]_i_3_n_0
    SLICE_X8Y18          LUT5 (Prop_lut5_I2_O)        0.124    12.749 r  RECIPROCAL/normalized[17]_i_1/O
                         net (fo=1, routed)           0.000    12.749    RECIPROCAL/normalized[17]_i_1_n_0
    SLICE_X8Y18          FDCE                                         r  RECIPROCAL/normalized_reg[17]/D
  -------------------------------------------------------------------    -------------------

Slack:                    inf
  Source:                 w_clip[0]
                            (input port)
  Destination:            RECIPROCAL/normalized_reg[17]/D
  Path Group:             (none)
  Path Type:              Max at Slow Process Corner
  Data Path Delay:        12.749ns  (logic 3.252ns (25.507%)  route 9.497ns (74.493%))
  Logic Levels:           14  (CARRY4=6 IBUF=1 LUT1=1 LUT3=1 LUT5=2 LUT6=3)

    Location             Delay type                Incr(ns)  Path(ns)    Netlist Resource(s)
  -------------------------------------------------------------------    -------------------
    U11                                               0.000     0.000 f  w_clip[0] (IN)
                         net (fo=0)                   0.000     0.000    w_clip[0]
    U11                  IBUF (Prop_ibuf_I_O)         0.931     0.931 f  w_clip_IBUF[0]_inst/O
                         net (fo=12, routed)          2.129     3.060    RECIPROCAL/SECOND_ITERATION/w_clip_IBUF[0]
    SLICE_X4Y14          LUT1 (Prop_lut1_I0_O)        0.124     3.184 r  RECIPROCAL/SECOND_ITERATION/normalized[5]_i_4/O
                         net (fo=1, routed)           0.338     3.522    RECIPROCAL/SECOND_ITERATION/normalized[5]_i_4_n_0
    SLICE_X2Y14          CARRY4 (Prop_carry4_CYINIT_CO[3])
                                                      0.595     4.117 f  RECIPROCAL/SECOND_ITERATION/normalized_reg[5]_i_3/CO[3]
                         net (fo=1, routed)           0.000     4.117    RECIPROCAL/SECOND_ITERATION/normalized_reg[5]_i_3_n_0
    SLICE_X2Y15          CARRY4 (Prop_carry4_CI_CO[3])
                                                      0.117     4.234 f  RECIPROCAL/SECOND_ITERATION/normalized_reg[23]_i_35/CO[3]
                         net (fo=1, routed)           0.000     4.234    RECIPROCAL/SECOND_ITERATION/normalized_reg[23]_i_35_n_0
    SLICE_X2Y16          CARRY4 (Prop_carry4_CI_CO[3])
                                                      0.117     4.351 f  RECIPROCAL/SECOND_ITERATION/normalized_reg[23]_i_36/CO[3]
                         net (fo=1, routed)           0.000     4.351    RECIPROCAL/SECOND_ITERATION/normalized_reg[23]_i_36_n_0
    SLICE_X2Y17          CARRY4 (Prop_carry4_CI_CO[3])
                                                      0.117     4.468 f  RECIPROCAL/SECOND_ITERATION/normalized_reg[23]_i_33/CO[3]
                         net (fo=1, routed)           0.000     4.468    RECIPROCAL/SECOND_ITERATION/normalized_reg[23]_i_33_n_0
    SLICE_X2Y18          CARRY4 (Prop_carry4_CI_CO[3])
                                                      0.117     4.585 r  RECIPROCAL/SECOND_ITERATION/normalized_reg[23]_i_34/CO[3]
                         net (fo=1, routed)           0.000     4.585    RECIPROCAL/SECOND_ITERATION/normalized_reg[23]_i_34_n_0
    SLICE_X2Y19          CARRY4 (Prop_carry4_CI_O[0])
                                                      0.219     4.804 f  RECIPROCAL/SECOND_ITERATION/shift_delay_reg[1][1]_srl8_RECIPROCAL_SECOND_ITERATION_valid_delay_reg_c_3_i_15/O[0]
                         net (fo=1, routed)           0.661     5.465    RECIPROCAL/SECOND_ITERATION/shift_delay_reg[1][1]_srl8_RECIPROCAL_SECOND_ITERATION_valid_delay_reg_c_3_i_15_n_7
    SLICE_X3Y19          LUT3 (Prop_lut3_I0_O)        0.295     5.760 f  RECIPROCAL/SECOND_ITERATION/normalized[23]_i_12/O
                         net (fo=7, routed)           0.827     6.587    RECIPROCAL/SECOND_ITERATION/p_20_in
    SLICE_X3Y20          LUT6 (Prop_lut6_I5_O)        0.124     6.711 f  RECIPROCAL/SECOND_ITERATION/shift_delay_reg[1][1]_srl8_RECIPROCAL_SECOND_ITERATION_valid_delay_reg_c_3_i_14/O
                         net (fo=3, routed)           0.828     7.539    RECIPROCAL/SECOND_ITERATION/shift_delay_reg[1][1]_srl8_RECIPROCAL_SECOND_ITERATION_valid_delay_reg_c_3_i_14_n_0
    SLICE_X3Y19          LUT5 (Prop_lut5_I0_O)        0.124     7.663 f  RECIPROCAL/SECOND_ITERATION/shift_delay_reg[1][1]_srl8_RECIPROCAL_SECOND_ITERATION_valid_delay_reg_c_3_i_4/O
                         net (fo=28, routed)          1.967     9.630    RECIPROCAL/SECOND_ITERATION/w_clip[23]_1
    SLICE_X3Y16          LUT6 (Prop_lut6_I1_O)        0.124     9.754 r  RECIPROCAL/SECOND_ITERATION/normalized[19]_i_4/O
                         net (fo=41, routed)          1.711    11.466    RECIPROCAL/SECOND_ITERATION_n_4
    SLICE_X6Y17          LUT6 (Prop_lut6_I2_O)        0.124    11.590 r  RECIPROCAL/normalized[17]_i_3/O
                         net (fo=1, routed)           1.035    12.625    RECIPROCAL/normalized[17]_i_3_n_0
    SLICE_X8Y18          LUT5 (Prop_lut5_I2_O)        0.124    12.749 r  RECIPROCAL/normalized[17]_i_1/O
                         net (fo=1, routed)           0.000    12.749    RECIPROCAL/normalized[17]_i_1_n_0
    SLICE_X8Y18          FDCE                                         r  RECIPROCAL/normalized_reg[17]/D
  -------------------------------------------------------------------    -------------------




